Archive member included to satisfy reference by file (symbol)

c:/st/stm32cubeide_1.3.0/stm32cubeide/plugins/com.st.stm32cube.ide.mcu.externaltools.gnu-tools-for-stm32.7-2018-q2-update.win32_1.0.0.201904181610/tools/bin/../lib/gcc/arm-none-eabi/7.3.1/../../../../arm-none-eabi/lib/thumb/v7-m\libc_nano.a(lib_a-errno.o)
                              Core/Src/syscalls.o (__errno)
c:/st/stm32cubeide_1.3.0/stm32cubeide/plugins/com.st.stm32cube.ide.mcu.externaltools.gnu-tools-for-stm32.7-2018-q2-update.win32_1.0.0.201904181610/tools/bin/../lib/gcc/arm-none-eabi/7.3.1/../../../../arm-none-eabi/lib/thumb/v7-m\libc_nano.a(lib_a-exit.o)
                              c:/st/stm32cubeide_1.3.0/stm32cubeide/plugins/com.st.stm32cube.ide.mcu.externaltools.gnu-tools-for-stm32.7-2018-q2-update.win32_1.0.0.201904181610/tools/bin/../lib/gcc/arm-none-eabi/7.3.1/../../../../arm-none-eabi/lib/thumb/v7-m/crt0.o (exit)
c:/st/stm32cubeide_1.3.0/stm32cubeide/plugins/com.st.stm32cube.ide.mcu.externaltools.gnu-tools-for-stm32.7-2018-q2-update.win32_1.0.0.201904181610/tools/bin/../lib/gcc/arm-none-eabi/7.3.1/../../../../arm-none-eabi/lib/thumb/v7-m\libc_nano.a(lib_a-impure.o)
                              c:/st/stm32cubeide_1.3.0/stm32cubeide/plugins/com.st.stm32cube.ide.mcu.externaltools.gnu-tools-for-stm32.7-2018-q2-update.win32_1.0.0.201904181610/tools/bin/../lib/gcc/arm-none-eabi/7.3.1/../../../../arm-none-eabi/lib/thumb/v7-m\libc_nano.a(lib_a-exit.o) (_global_impure_ptr)
c:/st/stm32cubeide_1.3.0/stm32cubeide/plugins/com.st.stm32cube.ide.mcu.externaltools.gnu-tools-for-stm32.7-2018-q2-update.win32_1.0.0.201904181610/tools/bin/../lib/gcc/arm-none-eabi/7.3.1/../../../../arm-none-eabi/lib/thumb/v7-m\libc_nano.a(lib_a-init.o)
                              c:/st/stm32cubeide_1.3.0/stm32cubeide/plugins/com.st.stm32cube.ide.mcu.externaltools.gnu-tools-for-stm32.7-2018-q2-update.win32_1.0.0.201904181610/tools/bin/../lib/gcc/arm-none-eabi/7.3.1/../../../../arm-none-eabi/lib/thumb/v7-m/crt0.o (__libc_init_array)
c:/st/stm32cubeide_1.3.0/stm32cubeide/plugins/com.st.stm32cube.ide.mcu.externaltools.gnu-tools-for-stm32.7-2018-q2-update.win32_1.0.0.201904181610/tools/bin/../lib/gcc/arm-none-eabi/7.3.1/../../../../arm-none-eabi/lib/thumb/v7-m\libc_nano.a(lib_a-memcpy-stub.o)
                              Core/Src/main.o (memcpy)
c:/st/stm32cubeide_1.3.0/stm32cubeide/plugins/com.st.stm32cube.ide.mcu.externaltools.gnu-tools-for-stm32.7-2018-q2-update.win32_1.0.0.201904181610/tools/bin/../lib/gcc/arm-none-eabi/7.3.1/../../../../arm-none-eabi/lib/thumb/v7-m\libc_nano.a(lib_a-memset.o)
                              c:/st/stm32cubeide_1.3.0/stm32cubeide/plugins/com.st.stm32cube.ide.mcu.externaltools.gnu-tools-for-stm32.7-2018-q2-update.win32_1.0.0.201904181610/tools/bin/../lib/gcc/arm-none-eabi/7.3.1/../../../../arm-none-eabi/lib/thumb/v7-m/crt0.o (memset)

Allocating common symbols
Common symbol       size              file

hUsbDeviceFS        0x2c4             USB_DEVICE/App/usb_device.o
uwTick              0x4               Drivers/STM32F1xx_HAL_Driver/Src/stm32f1xx_hal.o
pFlash              0x20              Drivers/STM32F1xx_HAL_Driver/Src/stm32f1xx_hal_flash.o
UserRxBufferFS      0x3e8             USB_DEVICE/App/usbd_cdc_if.o
hadc1               0x30              Core/Src/main.o
externalReciveBuffer
                    0x3e8             Core/Src/main.o
UserTxBufferFS      0x3e8             USB_DEVICE/App/usbd_cdc_if.o
inpRawCmd           0x3e8             Core/Src/main.o
hpcd_USB_FS         0x26c             USB_DEVICE/Target/usbd_conf.o
USBD_StrDesc        0x100             USB_DEVICE/App/usbd_desc.o

Discarded input sections

 .text          0x0000000000000000        0x0 c:/st/stm32cubeide_1.3.0/stm32cubeide/plugins/com.st.stm32cube.ide.mcu.externaltools.gnu-tools-for-stm32.7-2018-q2-update.win32_1.0.0.201904181610/tools/bin/../lib/gcc/arm-none-eabi/7.3.1/thumb/v7-m/crti.o
 .data          0x0000000000000000        0x0 c:/st/stm32cubeide_1.3.0/stm32cubeide/plugins/com.st.stm32cube.ide.mcu.externaltools.gnu-tools-for-stm32.7-2018-q2-update.win32_1.0.0.201904181610/tools/bin/../lib/gcc/arm-none-eabi/7.3.1/thumb/v7-m/crti.o
 .bss           0x0000000000000000        0x0 c:/st/stm32cubeide_1.3.0/stm32cubeide/plugins/com.st.stm32cube.ide.mcu.externaltools.gnu-tools-for-stm32.7-2018-q2-update.win32_1.0.0.201904181610/tools/bin/../lib/gcc/arm-none-eabi/7.3.1/thumb/v7-m/crti.o
 .data          0x0000000000000000        0x4 c:/st/stm32cubeide_1.3.0/stm32cubeide/plugins/com.st.stm32cube.ide.mcu.externaltools.gnu-tools-for-stm32.7-2018-q2-update.win32_1.0.0.201904181610/tools/bin/../lib/gcc/arm-none-eabi/7.3.1/thumb/v7-m/crtbegin.o
 .text          0x0000000000000000       0x74 c:/st/stm32cubeide_1.3.0/stm32cubeide/plugins/com.st.stm32cube.ide.mcu.externaltools.gnu-tools-for-stm32.7-2018-q2-update.win32_1.0.0.201904181610/tools/bin/../lib/gcc/arm-none-eabi/7.3.1/../../../../arm-none-eabi/lib/thumb/v7-m/crt0.o
[...]
Memory Configuration

Name             Origin             Length             Attributes
RAM              0x0000000020000000 0x0000000000005000 xrw
FLASH            0x0000000008000000 0x0000000000010000 xr
*default*        0x0000000000000000 0xffffffffffffffff

Linker script and memory map

LOAD c:/st/stm32cubeide_1.3.0/stm32cubeide/plugins/com.st.stm32cube.ide.mcu.externaltools.gnu-tools-for-stm32.7-2018-q2-update.win32_1.0.0.201904181610/tools/bin/../lib/gcc/arm-none-eabi/7.3.1/thumb/v7-m/crti.o
LOAD c:/st/stm32cubeide_1.3.0/stm32cubeide/plugins/com.st.stm32cube.ide.mcu.externaltools.gnu-tools-for-stm32.7-2018-q2-update.win32_1.0.0.201904181610/tools/bin/../lib/gcc/arm-none-eabi/7.3.1/thumb/v7-m/crtbegin.o
LOAD c:/st/stm32cubeide_1.3.0/stm32cubeide/plugins/com.st.stm32cube.ide.mcu.externaltools.gnu-tools-for-stm32.7-2018-q2-update.win32_1.0.0.201904181610/tools/bin/../lib/gcc/arm-none-eabi/7.3.1/../../../../arm-none-eabi/lib/thumb/v7-m/crt0.o
LOAD Core/Src/main.o
LOAD Core/Src/stm32f1xx_hal_msp.o
LOAD Core/Src/stm32f1xx_it.o
LOAD Core/Src/syscalls.o
LOAD Core/Src/sysmem.o
LOAD Core/Src/system_stm32f1xx.o
LOAD Core/Startup/startup_stm32f103c8tx.o
LOAD Drivers/STM32F1xx_HAL_Driver/Src/stm32f1xx_hal.o
LOAD Drivers/STM32F1xx_HAL_Driver/Src/stm32f1xx_hal_adc.o
LOAD Drivers/STM32F1xx_HAL_Driver/Src/stm32f1xx_hal_adc_ex.o
LOAD Drivers/STM32F1xx_HAL_Driver/Src/stm32f1xx_hal_cortex.o
LOAD Drivers/STM32F1xx_HAL_Driver/Src/stm32f1xx_hal_dma.o
LOAD Drivers/STM32F1xx_HAL_Driver/Src/stm32f1xx_hal_exti.o
LOAD Drivers/STM32F1xx_HAL_Driver/Src/stm32f1xx_hal_flash.o
LOAD Drivers/STM32F1xx_HAL_Driver/Src/stm32f1xx_hal_flash_ex.o
LOAD Drivers/STM32F1xx_HAL_Driver/Src/stm32f1xx_hal_gpio.o
LOAD Drivers/STM32F1xx_HAL_Driver/Src/stm32f1xx_hal_gpio_ex.o
LOAD Drivers/STM32F1xx_HAL_Driver/Src/stm32f1xx_hal_pcd.o
LOAD Drivers/STM32F1xx_HAL_Driver/Src/stm32f1xx_hal_pcd_ex.o
LOAD Drivers/STM32F1xx_HAL_Driver/Src/stm32f1xx_hal_pwr.o
LOAD Drivers/STM32F1xx_HAL_Driver/Src/stm32f1xx_hal_rcc.o
LOAD Drivers/STM32F1xx_HAL_Driver/Src/stm32f1xx_hal_rcc_ex.o
LOAD Drivers/STM32F1xx_HAL_Driver/Src/stm32f1xx_hal_tim.o
LOAD Drivers/STM32F1xx_HAL_Driver/Src/stm32f1xx_hal_tim_ex.o
LOAD Drivers/STM32F1xx_HAL_Driver/Src/stm32f1xx_ll_usb.o
LOAD Middlewares/ST/STM32_USB_Device_Library/Class/CDC/Src/usbd_cdc.o
LOAD Middlewares/ST/STM32_USB_Device_Library/Core/Src/usbd_core.o
LOAD Middlewares/ST/STM32_USB_Device_Library/Core/Src/usbd_ctlreq.o
LOAD Middlewares/ST/STM32_USB_Device_Library/Core/Src/usbd_ioreq.o
LOAD USB_DEVICE/App/usb_device.o
LOAD USB_DEVICE/App/usbd_cdc_if.o
LOAD USB_DEVICE/App/usbd_desc.o
LOAD USB_DEVICE/Target/usbd_conf.o
START GROUP
LOAD c:/st/stm32cubeide_1.3.0/stm32cubeide/plugins/com.st.stm32cube.ide.mcu.externaltools.gnu-tools-for-stm32.7-2018-q2-update.win32_1.0.0.201904181610/tools/bin/../lib/gcc/arm-none-eabi/7.3.1/../../../../arm-none-eabi/lib/thumb/v7-m\libc_nano.a
LOAD c:/st/stm32cubeide_1.3.0/stm32cubeide/plugins/com.st.stm32cube.ide.mcu.externaltools.gnu-tools-for-stm32.7-2018-q2-update.win32_1.0.0.201904181610/tools/bin/../lib/gcc/arm-none-eabi/7.3.1/../../../../arm-none-eabi/lib/thumb/v7-m\libm.a
END GROUP
START GROUP
LOAD c:/st/stm32cubeide_1.3.0/stm32cubeide/plugins/com.st.stm32cube.ide.mcu.externaltools.gnu-tools-for-stm32.7-2018-q2-update.win32_1.0.0.201904181610/tools/bin/../lib/gcc/arm-none-eabi/7.3.1/thumb/v7-m\libgcc.a
LOAD c:/st/stm32cubeide_1.3.0/stm32cubeide/plugins/com.st.stm32cube.ide.mcu.externaltools.gnu-tools-for-stm32.7-2018-q2-update.win32_1.0.0.201904181610/tools/bin/../lib/gcc/arm-none-eabi/7.3.1/../../../../arm-none-eabi/lib/thumb/v7-m\libc_nano.a
END GROUP
START GROUP
LOAD c:/st/stm32cubeide_1.3.0/stm32cubeide/plugins/com.st.stm32cube.ide.mcu.externaltools.gnu-tools-for-stm32.7-2018-q2-update.win32_1.0.0.201904181610/tools/bin/../lib/gcc/arm-none-eabi/7.3.1/thumb/v7-m\libgcc.a
LOAD c:/st/stm32cubeide_1.3.0/stm32cubeide/plugins/com.st.stm32cube.ide.mcu.externaltools.gnu-tools-for-stm32.7-2018-q2-update.win32_1.0.0.201904181610/tools/bin/../lib/gcc/arm-none-eabi/7.3.1/../../../../arm-none-eabi/lib/thumb/v7-m\libc_nano.a
LOAD c:/st/stm32cubeide_1.3.0/stm32cubeide/plugins/com.st.stm32cube.ide.mcu.externaltools.gnu-tools-for-stm32.7-2018-q2-update.win32_1.0.0.201904181610/tools/bin/../lib/gcc/arm-none-eabi/7.3.1/../../../../arm-none-eabi/lib/thumb/v7-m\libnosys.a
END GROUP
START GROUP
LOAD c:/st/stm32cubeide_1.3.0/stm32cubeide/plugins/com.st.stm32cube.ide.mcu.externaltools.gnu-tools-for-stm32.7-2018-q2-update.win32_1.0.0.201904181610/tools/bin/../lib/gcc/arm-none-eabi/7.3.1/thumb/v7-m\libgcc.a
LOAD c:/st/stm32cubeide_1.3.0/stm32cubeide/plugins/com.st.stm32cube.ide.mcu.externaltools.gnu-tools-for-stm32.7-2018-q2-update.win32_1.0.0.201904181610/tools/bin/../lib/gcc/arm-none-eabi/7.3.1/../../../../arm-none-eabi/lib/thumb/v7-m\libc_nano.a
LOAD c:/st/stm32cubeide_1.3.0/stm32cubeide/plugins/com.st.stm32cube.ide.mcu.externaltools.gnu-tools-for-stm32.7-2018-q2-update.win32_1.0.0.201904181610/tools/bin/../lib/gcc/arm-none-eabi/7.3.1/../../../../arm-none-eabi/lib/thumb/v7-m\libnosys.a
END GROUP
LOAD c:/st/stm32cubeide_1.3.0/stm32cubeide/plugins/com.st.stm32cube.ide.mcu.externaltools.gnu-tools-for-stm32.7-2018-q2-update.win32_1.0.0.201904181610/tools/bin/../lib/gcc/arm-none-eabi/7.3.1/thumb/v7-m/crtend.o
LOAD c:/st/stm32cubeide_1.3.0/stm32cubeide/plugins/com.st.stm32cube.ide.mcu.externaltools.gnu-tools-for-stm32.7-2018-q2-update.win32_1.0.0.201904181610/tools/bin/../lib/gcc/arm-none-eabi/7.3.1/thumb/v7-m/crtn.o
                0x0000000020005000                _estack = (ORIGIN (RAM) + LENGTH (RAM))
                0x0000000000000200                _Min_Heap_Size = 0x200
                0x0000000000000400                _Min_Stack_Size = 0x400

.isr_vector     0x0000000008000000      0x10c
                0x0000000008000000                . = ALIGN (0x4)
 *(.isr_vector)
 .isr_vector    0x0000000008000000      0x10c Core/Startup/startup_stm32f103c8tx.o
                0x0000000008000000                g_pfnVectors
                0x000000000800010c                . = ALIGN (0x4)

.text           0x000000000800010c     0x5740
                0x000000000800010c                . = ALIGN (0x4)
 *(.text)
 .text          0x000000000800010c       0x40 c:/st/stm32cubeide_1.3.0/stm32cubeide/plugins/com.st.stm32cube.ide.mcu.externaltools.gnu-tools-for-stm32.7-2018-q2-update.win32_1.0.0.201904181610/tools/bin/../lib/gcc/arm-none-eabi/7.3.1/thumb/v7-m/crtbegin.o
 *(.text*)
 .text.main     0x000000000800014c       0x1a Core/Src/main.o
                0x000000000800014c                main
 .text.SystemClock_Config
                0x0000000008000166       0xbc Core/Src/main.o
                0x0000000008000166                SystemClock_Config
 *fill*         0x0000000008000222        0x2 
 .text.MX_ADC1_Init
                0x0000000008000224       0x7c Core/Src/main.o
 .text.MX_GPIO_Init
                0x00000000080002a0       0x5c Core/Src/main.o
 .text.CDC_ReciveCallBack
                0x00000000080002fc       0x2c Core/Src/main.o
                0x00000000080002fc                CDC_ReciveCallBack
 .text.Error_Handler
                0x0000000008000328        0xc Core/Src/main.o
                0x0000000008000328                Error_Handler
 .text.HAL_MspInit
                0x0000000008000334       0x64 Core/Src/stm32f1xx_hal_msp.o
                0x0000000008000334                HAL_MspInit
 .text.HAL_ADC_MspInit
                0x0000000008000398       0x78 Core/Src/stm32f1xx_hal_msp.o
                0x0000000008000398                HAL_ADC_MspInit
 .text.NMI_Handler
                0x0000000008000410        0xc Core/Src/stm32f1xx_it.o
                0x0000000008000410                NMI_Handler
 .text.HardFault_Handler
                0x000000000800041c        0x6 Core/Src/stm32f1xx_it.o
                0x000000000800041c                HardFault_Handler
 .text.MemManage_Handler
                0x0000000008000422        0x6 Core/Src/stm32f1xx_it.o
                0x0000000008000422                MemManage_Handler
 .text.BusFault_Handler
                0x0000000008000428        0x6 Core/Src/stm32f1xx_it.o
                0x0000000008000428                BusFault_Handler
 .text.UsageFault_Handler
                0x000000000800042e        0x6 Core/Src/stm32f1xx_it.o
                0x000000000800042e                UsageFault_Handler
 .text.SVC_Handler
                0x0000000008000434        0xc Core/Src/stm32f1xx_it.o
                0x0000000008000434                SVC_Handler
 .text.DebugMon_Handler
                0x0000000008000440        0xc Core/Src/stm32f1xx_it.o
                0x0000000008000440                DebugMon_Handler
 .text.PendSV_Handler
                0x000000000800044c        0xc Core/Src/stm32f1xx_it.o
                0x000000000800044c                PendSV_Handler
 .text.SysTick_Handler
                0x0000000008000458        0xc Core/Src/stm32f1xx_it.o
                0x0000000008000458                SysTick_Handler
 .text.USB_LP_CAN1_RX0_IRQHandler
                0x0000000008000464       0x14 Core/Src/stm32f1xx_it.o
                0x0000000008000464                USB_LP_CAN1_RX0_IRQHandler
 .text.SystemInit
                0x0000000008000478       0x68 Core/Src/system_stm32f1xx.o
                0x0000000008000478                SystemInit
 .text.Reset_Handler
                0x00000000080004e0       0x48 Core/Startup/startup_stm32f103c8tx.o
                0x00000000080004e0                Reset_Handler
 .text.Default_Handler
                0x0000000008000528        0x2 Core/Startup/startup_stm32f103c8tx.o
                0x0000000008000528                RTC_Alarm_IRQHandler
                0x0000000008000528                EXTI2_IRQHandler
                0x0000000008000528                TIM1_CC_IRQHandler
                0x0000000008000528                PVD_IRQHandler
                0x0000000008000528                EXTI3_IRQHandler
                0x0000000008000528                EXTI0_IRQHandler
                0x0000000008000528                I2C2_EV_IRQHandler
                0x0000000008000528                ADC1_2_IRQHandler
                0x0000000008000528                SPI1_IRQHandler
                0x0000000008000528                TAMPER_IRQHandler
                0x0000000008000528                DMA1_Channel4_IRQHandler
                0x0000000008000528                USART3_IRQHandler
                0x0000000008000528                RTC_IRQHandler
                0x0000000008000528                DMA1_Channel7_IRQHandler
                0x0000000008000528                CAN1_RX1_IRQHandler
                0x0000000008000528                TIM4_IRQHandler
                0x0000000008000528                I2C1_EV_IRQHandler
                0x0000000008000528                DMA1_Channel6_IRQHandler
                0x0000000008000528                TIM3_IRQHandler
                0x0000000008000528                RCC_IRQHandler
                0x0000000008000528                TIM1_TRG_COM_IRQHandler
                0x0000000008000528                DMA1_Channel1_IRQHandler
                0x0000000008000528                Default_Handler
                0x0000000008000528                EXTI15_10_IRQHandler
                0x0000000008000528                EXTI9_5_IRQHandler
                0x0000000008000528                SPI2_IRQHandler
                0x0000000008000528                DMA1_Channel5_IRQHandler
                0x0000000008000528                EXTI4_IRQHandler
                0x0000000008000528                USB_HP_CAN1_TX_IRQHandler
                0x0000000008000528                DMA1_Channel3_IRQHandler
                0x0000000008000528                TIM1_UP_IRQHandler
                0x0000000008000528                WWDG_IRQHandler
                0x0000000008000528                TIM2_IRQHandler
                0x0000000008000528                TIM1_BRK_IRQHandler
                0x0000000008000528                EXTI1_IRQHandler
                0x0000000008000528                USART2_IRQHandler
                0x0000000008000528                I2C2_ER_IRQHandler
                0x0000000008000528                DMA1_Channel2_IRQHandler
                0x0000000008000528                CAN1_SCE_IRQHandler
                0x0000000008000528                FLASH_IRQHandler
                0x0000000008000528                USART1_IRQHandler
                0x0000000008000528                I2C1_ER_IRQHandler
                0x0000000008000528                USBWakeUp_IRQHandler
 *fill*         0x000000000800052a        0x2 
 .text.HAL_Init
                0x000000000800052c       0x2c Drivers/STM32F1xx_HAL_Driver/Src/stm32f1xx_hal.o
                0x000000000800052c                HAL_Init
 .text.HAL_InitTick
                0x0000000008000558       0x60 Drivers/STM32F1xx_HAL_Driver/Src/stm32f1xx_hal.o
                0x0000000008000558                HAL_InitTick
 .text.HAL_IncTick
                0x00000000080005b8       0x24 Drivers/STM32F1xx_HAL_Driver/Src/stm32f1xx_hal.o
                0x00000000080005b8                HAL_IncTick
 .text.HAL_GetTick
                0x00000000080005dc       0x14 Drivers/STM32F1xx_HAL_Driver/Src/stm32f1xx_hal.o
                0x00000000080005dc                HAL_GetTick
 .text.HAL_ADC_Init
                0x00000000080005f0      0x1b0 Drivers/STM32F1xx_HAL_Driver/Src/stm32f1xx_hal_adc.o
                0x00000000080005f0                HAL_ADC_Init
 .text.HAL_ADC_ConfigChannel
                0x00000000080007a0      0x1f0 Drivers/STM32F1xx_HAL_Driver/Src/stm32f1xx_hal_adc.o
                0x00000000080007a0                HAL_ADC_ConfigChannel
 .text.ADC_ConversionStop_Disable
                0x0000000008000990       0x74 Drivers/STM32F1xx_HAL_Driver/Src/stm32f1xx_hal_adc.o
                0x0000000008000990                ADC_ConversionStop_Disable
 .text.__NVIC_SetPriorityGrouping
                0x0000000008000a04       0x48 Drivers/STM32F1xx_HAL_Driver/Src/stm32f1xx_hal_cortex.o
 .text.__NVIC_GetPriorityGrouping
                0x0000000008000a4c       0x1c Drivers/STM32F1xx_HAL_Driver/Src/stm32f1xx_hal_cortex.o
 .text.__NVIC_EnableIRQ
                0x0000000008000a68       0x38 Drivers/STM32F1xx_HAL_Driver/Src/stm32f1xx_hal_cortex.o
 .text.__NVIC_SetPriority
                0x0000000008000aa0       0x54 Drivers/STM32F1xx_HAL_Driver/Src/stm32f1xx_hal_cortex.o
 .text.NVIC_EncodePriority
                0x0000000008000af4       0x64 Drivers/STM32F1xx_HAL_Driver/Src/stm32f1xx_hal_cortex.o
 .text.SysTick_Config
                0x0000000008000b58       0x44 Drivers/STM32F1xx_HAL_Driver/Src/stm32f1xx_hal_cortex.o
 .text.HAL_NVIC_SetPriorityGrouping
                0x0000000008000b9c       0x16 Drivers/STM32F1xx_HAL_Driver/Src/stm32f1xx_hal_cortex.o
                0x0000000008000b9c                HAL_NVIC_SetPriorityGrouping
 .text.HAL_NVIC_SetPriority
                0x0000000008000bb2       0x38 Drivers/STM32F1xx_HAL_Driver/Src/stm32f1xx_hal_cortex.o
                0x0000000008000bb2                HAL_NVIC_SetPriority
 .text.HAL_NVIC_EnableIRQ
                0x0000000008000bea       0x1c Drivers/STM32F1xx_HAL_Driver/Src/stm32f1xx_hal_cortex.o
                0x0000000008000bea                HAL_NVIC_EnableIRQ
 .text.HAL_SYSTICK_Config
                0x0000000008000c06       0x18 Drivers/STM32F1xx_HAL_Driver/Src/stm32f1xx_hal_cortex.o
                0x0000000008000c06                HAL_SYSTICK_Config
 *fill*         0x0000000008000c1e        0x2 
 .text.HAL_GPIO_Init
                0x0000000008000c20      0x2b4 Drivers/STM32F1xx_HAL_Driver/Src/stm32f1xx_hal_gpio.o
                0x0000000008000c20                HAL_GPIO_Init
 .text.HAL_PCD_Init
                0x0000000008000ed4      0x1c2 Drivers/STM32F1xx_HAL_Driver/Src/stm32f1xx_hal_pcd.o
                0x0000000008000ed4                HAL_PCD_Init
 .text.HAL_PCD_Start
                0x0000000008001096       0x4c Drivers/STM32F1xx_HAL_Driver/Src/stm32f1xx_hal_pcd.o
                0x0000000008001096                HAL_PCD_Start
 .text.HAL_PCD_IRQHandler
                0x00000000080010e2      0x21c Drivers/STM32F1xx_HAL_Driver/Src/stm32f1xx_hal_pcd.o
                0x00000000080010e2                HAL_PCD_IRQHandler
 .text.HAL_PCD_SetAddress
                0x00000000080012fe       0x4a Drivers/STM32F1xx_HAL_Driver/Src/stm32f1xx_hal_pcd.o
                0x00000000080012fe                HAL_PCD_SetAddress
 .text.HAL_PCD_EP_Open
                0x0000000008001348       0xc0 Drivers/STM32F1xx_HAL_Driver/Src/stm32f1xx_hal_pcd.o
                0x0000000008001348                HAL_PCD_EP_Open
 .text.HAL_PCD_EP_Close
                0x0000000008001408       0x84 Drivers/STM32F1xx_HAL_Driver/Src/stm32f1xx_hal_pcd.o
                0x0000000008001408                HAL_PCD_EP_Close
 .text.HAL_PCD_EP_Receive
                0x000000000800148c       0x74 Drivers/STM32F1xx_HAL_Driver/Src/stm32f1xx_hal_pcd.o
                0x000000000800148c                HAL_PCD_EP_Receive
 .text.HAL_PCD_EP_GetRxCount
                0x0000000008001500       0x28 Drivers/STM32F1xx_HAL_Driver/Src/stm32f1xx_hal_pcd.o
                0x0000000008001500                HAL_PCD_EP_GetRxCount
 .text.HAL_PCD_EP_Transmit
                0x0000000008001528       0x72 Drivers/STM32F1xx_HAL_Driver/Src/stm32f1xx_hal_pcd.o
                0x0000000008001528                HAL_PCD_EP_Transmit
 .text.HAL_PCD_EP_SetStall
                0x000000000800159a       0xb4 Drivers/STM32F1xx_HAL_Driver/Src/stm32f1xx_hal_pcd.o
                0x000000000800159a                HAL_PCD_EP_SetStall
 .text.HAL_PCD_EP_ClrStall
                0x000000000800164e       0x9c Drivers/STM32F1xx_HAL_Driver/Src/stm32f1xx_hal_pcd.o
                0x000000000800164e                HAL_PCD_EP_ClrStall
 *fill*         0x00000000080016ea        0x2 
 .text.PCD_EP_ISR_Handler
                0x00000000080016ec      0x534 Drivers/STM32F1xx_HAL_Driver/Src/stm32f1xx_hal_pcd.o
 .text.HAL_PCDEx_PMAConfig
                0x0000000008001c20       0x78 Drivers/STM32F1xx_HAL_Driver/Src/stm32f1xx_hal_pcd_ex.o
                0x0000000008001c20                HAL_PCDEx_PMAConfig
 .text.HAL_RCC_OscConfig
                0x0000000008001c98      0x500 Drivers/STM32F1xx_HAL_Driver/Src/stm32f1xx_hal_rcc.o
                0x0000000008001c98                HAL_RCC_OscConfig
 .text.HAL_RCC_ClockConfig
                0x0000000008002198      0x1d4 Drivers/STM32F1xx_HAL_Driver/Src/stm32f1xx_hal_rcc.o
                0x0000000008002198                HAL_RCC_ClockConfig
 .text.HAL_RCC_GetSysClockFreq
                0x000000000800236c       0xc4 Drivers/STM32F1xx_HAL_Driver/Src/stm32f1xx_hal_rcc.o
                0x000000000800236c                HAL_RCC_GetSysClockFreq
 .text.RCC_Delay
                0x0000000008002430       0x3c Drivers/STM32F1xx_HAL_Driver/Src/stm32f1xx_hal_rcc.o
 .text.HAL_RCCEx_PeriphCLKConfig
                0x000000000800246c      0x16c Drivers/STM32F1xx_HAL_Driver/Src/stm32f1xx_hal_rcc_ex.o
                0x000000000800246c                HAL_RCCEx_PeriphCLKConfig
 .text.USB_CoreInit
                0x00000000080025d8       0x20 Drivers/STM32F1xx_HAL_Driver/Src/stm32f1xx_ll_usb.o
                0x00000000080025d8                USB_CoreInit
 .text.USB_EnableGlobalInt
                0x00000000080025f8       0x2e Drivers/STM32F1xx_HAL_Driver/Src/stm32f1xx_ll_usb.o
                0x00000000080025f8                USB_EnableGlobalInt
 .text.USB_DisableGlobalInt
                0x0000000008002626       0x38 Drivers/STM32F1xx_HAL_Driver/Src/stm32f1xx_ll_usb.o
                0x0000000008002626                USB_DisableGlobalInt
 .text.USB_SetCurrentMode
                0x000000000800265e       0x18 Drivers/STM32F1xx_HAL_Driver/Src/stm32f1xx_ll_usb.o
                0x000000000800265e                USB_SetCurrentMode
 .text.USB_DevInit
                0x0000000008002676       0x48 Drivers/STM32F1xx_HAL_Driver/Src/stm32f1xx_ll_usb.o
                0x0000000008002676                USB_DevInit
 *fill*         0x00000000080026be        0x2 
 .text.USB_ActivateEndpoint
                0x00000000080026c0      0x5dc Drivers/STM32F1xx_HAL_Driver/Src/stm32f1xx_ll_usb.o
                0x00000000080026c0                USB_ActivateEndpoint
 .text.USB_DeactivateEndpoint
                0x0000000008002c9c      0x32c Drivers/STM32F1xx_HAL_Driver/Src/stm32f1xx_ll_usb.o
                0x0000000008002c9c                USB_DeactivateEndpoint
 .text.USB_EPStartXfer
                0x0000000008002fc8      0x570 Drivers/STM32F1xx_HAL_Driver/Src/stm32f1xx_ll_usb.o
                0x0000000008002fc8                USB_EPStartXfer
 .text.USB_EPSetStall
                0x0000000008003538       0x84 Drivers/STM32F1xx_HAL_Driver/Src/stm32f1xx_ll_usb.o
                0x0000000008003538                USB_EPSetStall
 .text.USB_EPClearStall
                0x00000000080035bc      0x128 Drivers/STM32F1xx_HAL_Driver/Src/stm32f1xx_ll_usb.o
                0x00000000080035bc                USB_EPClearStall
 .text.USB_SetDevAddress
                0x00000000080036e4       0x26 Drivers/STM32F1xx_HAL_Driver/Src/stm32f1xx_ll_usb.o
                0x00000000080036e4                USB_SetDevAddress
 .text.USB_DevConnect
                0x000000000800370a       0x14 Drivers/STM32F1xx_HAL_Driver/Src/stm32f1xx_ll_usb.o
                0x000000000800370a                USB_DevConnect
 .text.USB_DevDisconnect
                0x000000000800371e       0x14 Drivers/STM32F1xx_HAL_Driver/Src/stm32f1xx_ll_usb.o
                0x000000000800371e                USB_DevDisconnect
 .text.USB_ReadInterrupts
                0x0000000008003732       0x1e Drivers/STM32F1xx_HAL_Driver/Src/stm32f1xx_ll_usb.o
                0x0000000008003732                USB_ReadInterrupts
 .text.USB_EP0_OutStart
                0x0000000008003750       0x16 Drivers/STM32F1xx_HAL_Driver/Src/stm32f1xx_ll_usb.o
                0x0000000008003750                USB_EP0_OutStart
 .text.USB_WritePMA
                0x0000000008003766       0x88 Drivers/STM32F1xx_HAL_Driver/Src/stm32f1xx_ll_usb.o
                0x0000000008003766                USB_WritePMA
 .text.USB_ReadPMA
                0x00000000080037ee       0x9e Drivers/STM32F1xx_HAL_Driver/Src/stm32f1xx_ll_usb.o
                0x00000000080037ee                USB_ReadPMA
 .text.USBD_CDC_Init
                0x000000000800388c       0xf4 Middlewares/ST/STM32_USB_Device_Library/Class/CDC/Src/usbd_cdc.o
 .text.USBD_CDC_DeInit
                0x0000000008003980       0x6e Middlewares/ST/STM32_USB_Device_Library/Class/CDC/Src/usbd_cdc.o
 .text.USBD_CDC_Setup
                0x00000000080039ee      0x140 Middlewares/ST/STM32_USB_Device_Library/Class/CDC/Src/usbd_cdc.o
 .text.USBD_CDC_DataIn
                0x0000000008003b2e       0xa0 Middlewares/ST/STM32_USB_Device_Library/Class/CDC/Src/usbd_cdc.o
 .text.USBD_CDC_DataOut
                0x0000000008003bce       0x56 Middlewares/ST/STM32_USB_Device_Library/Class/CDC/Src/usbd_cdc.o
 .text.USBD_CDC_EP0_RxReady
                0x0000000008003c24       0x50 Middlewares/ST/STM32_USB_Device_Library/Class/CDC/Src/usbd_cdc.o
 .text.USBD_CDC_GetFSCfgDesc
                0x0000000008003c74       0x20 Middlewares/ST/STM32_USB_Device_Library/Class/CDC/Src/usbd_cdc.o
 .text.USBD_CDC_GetHSCfgDesc
                0x0000000008003c94       0x20 Middlewares/ST/STM32_USB_Device_Library/Class/CDC/Src/usbd_cdc.o
 .text.USBD_CDC_GetOtherSpeedCfgDesc
                0x0000000008003cb4       0x20 Middlewares/ST/STM32_USB_Device_Library/Class/CDC/Src/usbd_cdc.o
 .text.USBD_CDC_GetDeviceQualifierDescriptor
                0x0000000008003cd4       0x20 Middlewares/ST/STM32_USB_Device_Library/Class/CDC/Src/usbd_cdc.o
                0x0000000008003cd4                USBD_CDC_GetDeviceQualifierDescriptor
 .text.USBD_CDC_RegisterInterface
                0x0000000008003cf4       0x2c Middlewares/ST/STM32_USB_Device_Library/Class/CDC/Src/usbd_cdc.o
                0x0000000008003cf4                USBD_CDC_RegisterInterface
 .text.USBD_CDC_SetTxBuffer
                0x0000000008003d20       0x32 Middlewares/ST/STM32_USB_Device_Library/Class/CDC/Src/usbd_cdc.o
                0x0000000008003d20                USBD_CDC_SetTxBuffer
 .text.USBD_CDC_SetRxBuffer
                0x0000000008003d52       0x26 Middlewares/ST/STM32_USB_Device_Library/Class/CDC/Src/usbd_cdc.o
                0x0000000008003d52                USBD_CDC_SetRxBuffer
 .text.USBD_CDC_ReceivePacket
                0x0000000008003d78       0x54 Middlewares/ST/STM32_USB_Device_Library/Class/CDC/Src/usbd_cdc.o
                0x0000000008003d78                USBD_CDC_ReceivePacket
 .text.USBD_Init
                0x0000000008003dcc       0x56 Middlewares/ST/STM32_USB_Device_Library/Core/Src/usbd_core.o
                0x0000000008003dcc                USBD_Init
 .text.USBD_RegisterClass
                0x0000000008003e22       0x32 Middlewares/ST/STM32_USB_Device_Library/Core/Src/usbd_core.o
                0x0000000008003e22                USBD_RegisterClass
 .text.USBD_Start
                0x0000000008003e54       0x18 Middlewares/ST/STM32_USB_Device_Library/Core/Src/usbd_core.o
                0x0000000008003e54                USBD_Start
 .text.USBD_RunTestMode
                0x0000000008003e6c       0x14 Middlewares/ST/STM32_USB_Device_Library/Core/Src/usbd_core.o
                0x0000000008003e6c                USBD_RunTestMode
 .text.USBD_SetClassConfig
                0x0000000008003e80       0x3e Middlewares/ST/STM32_USB_Device_Library/Core/Src/usbd_core.o
                0x0000000008003e80                USBD_SetClassConfig
 .text.USBD_ClrClassConfig
                0x0000000008003ebe       0x26 Middlewares/ST/STM32_USB_Device_Library/Core/Src/usbd_core.o
                0x0000000008003ebe                USBD_ClrClassConfig
 .text.USBD_LL_SetupStage
                0x0000000008003ee4       0x96 Middlewares/ST/STM32_USB_Device_Library/Core/Src/usbd_core.o
                0x0000000008003ee4                USBD_LL_SetupStage
 .text.USBD_LL_DataOutStage
                0x0000000008003f7a       0xe2 Middlewares/ST/STM32_USB_Device_Library/Core/Src/usbd_core.o
                0x0000000008003f7a                USBD_LL_DataOutStage
 .text.USBD_LL_DataInStage
                0x000000000800405c      0x14a Middlewares/ST/STM32_USB_Device_Library/Core/Src/usbd_core.o
                0x000000000800405c                USBD_LL_DataInStage
 .text.USBD_LL_Reset
                0x00000000080041a6       0x82 Middlewares/ST/STM32_USB_Device_Library/Core/Src/usbd_core.o
                0x00000000080041a6                USBD_LL_Reset
 .text.USBD_LL_SetSpeed
                0x0000000008004228       0x1e Middlewares/ST/STM32_USB_Device_Library/Core/Src/usbd_core.o
                0x0000000008004228                USBD_LL_SetSpeed
 .text.USBD_LL_Suspend
                0x0000000008004246       0x28 Middlewares/ST/STM32_USB_Device_Library/Core/Src/usbd_core.o
                0x0000000008004246                USBD_LL_Suspend
 .text.USBD_LL_Resume
                0x000000000800426e       0x2a Middlewares/ST/STM32_USB_Device_Library/Core/Src/usbd_core.o
                0x000000000800426e                USBD_LL_Resume
 .text.USBD_LL_SOF
                0x0000000008004298       0x34 Middlewares/ST/STM32_USB_Device_Library/Core/Src/usbd_core.o
                0x0000000008004298                USBD_LL_SOF
 .text.USBD_StdDevReq
                0x00000000080042cc       0xd4 Middlewares/ST/STM32_USB_Device_Library/Core/Src/usbd_ctlreq.o
                0x00000000080042cc                USBD_StdDevReq
 .text.USBD_StdItfReq
                0x00000000080043a0       0x8c Middlewares/ST/STM32_USB_Device_Library/Core/Src/usbd_ctlreq.o
                0x00000000080043a0                USBD_StdItfReq
 .text.USBD_StdEPReq
                0x000000000800442c      0x2ba Middlewares/ST/STM32_USB_Device_Library/Core/Src/usbd_ctlreq.o
                0x000000000800442c                USBD_StdEPReq
 *fill*         0x00000000080046e6        0x2 
 .text.USBD_GetDescriptor
                0x00000000080046e8      0x2d0 Middlewares/ST/STM32_USB_Device_Library/Core/Src/usbd_ctlreq.o
 .text.USBD_SetAddress
                0x00000000080049b8       0x84 Middlewares/ST/STM32_USB_Device_Library/Core/Src/usbd_ctlreq.o
 .text.USBD_SetConfig
                0x0000000008004a3c      0x11c Middlewares/ST/STM32_USB_Device_Library/Core/Src/usbd_ctlreq.o
 .text.USBD_GetConfig
                0x0000000008004b58       0x68 Middlewares/ST/STM32_USB_Device_Library/Core/Src/usbd_ctlreq.o
 .text.USBD_GetStatus
                0x0000000008004bc0       0x66 Middlewares/ST/STM32_USB_Device_Library/Core/Src/usbd_ctlreq.o
 .text.USBD_SetFeature
                0x0000000008004c26       0x28 Middlewares/ST/STM32_USB_Device_Library/Core/Src/usbd_ctlreq.o
 .text.USBD_ClrFeature
                0x0000000008004c4e       0x42 Middlewares/ST/STM32_USB_Device_Library/Core/Src/usbd_ctlreq.o
 .text.USBD_ParseSetupRequest
                0x0000000008004c90       0x78 Middlewares/ST/STM32_USB_Device_Library/Core/Src/usbd_ctlreq.o
                0x0000000008004c90                USBD_ParseSetupRequest
 .text.USBD_CtlError
                0x0000000008004d08       0x22 Middlewares/ST/STM32_USB_Device_Library/Core/Src/usbd_ctlreq.o
                0x0000000008004d08                USBD_CtlError
 .text.USBD_GetString
                0x0000000008004d2a       0x84 Middlewares/ST/STM32_USB_Device_Library/Core/Src/usbd_ctlreq.o
                0x0000000008004d2a                USBD_GetString
 .text.USBD_GetLen
                0x0000000008004dae       0x2e Middlewares/ST/STM32_USB_Device_Library/Core/Src/usbd_ctlreq.o
 .text.USBD_CtlSendData
                0x0000000008004ddc       0x38 Middlewares/ST/STM32_USB_Device_Library/Core/Src/usbd_ioreq.o
                0x0000000008004ddc                USBD_CtlSendData
 .text.USBD_CtlContinueSendData
                0x0000000008004e14       0x24 Middlewares/ST/STM32_USB_Device_Library/Core/Src/usbd_ioreq.o
                0x0000000008004e14                USBD_CtlContinueSendData
 .text.USBD_CtlPrepareRx
                0x0000000008004e38       0x3c Middlewares/ST/STM32_USB_Device_Library/Core/Src/usbd_ioreq.o
                0x0000000008004e38                USBD_CtlPrepareRx
 .text.USBD_CtlContinueRx
                0x0000000008004e74       0x24 Middlewares/ST/STM32_USB_Device_Library/Core/Src/usbd_ioreq.o
                0x0000000008004e74                USBD_CtlContinueRx
 .text.USBD_CtlSendStatus
                0x0000000008004e98       0x26 Middlewares/ST/STM32_USB_Device_Library/Core/Src/usbd_ioreq.o
                0x0000000008004e98                USBD_CtlSendStatus
 .text.USBD_CtlReceiveStatus
                0x0000000008004ebe       0x26 Middlewares/ST/STM32_USB_Device_Library/Core/Src/usbd_ioreq.o
                0x0000000008004ebe                USBD_CtlReceiveStatus
 .text.MX_USB_DEVICE_Init
                0x0000000008004ee4       0x60 USB_DEVICE/App/usb_device.o
                0x0000000008004ee4                MX_USB_DEVICE_Init
 .text.CDC_Init_FS
                0x0000000008004f44       0x28 USB_DEVICE/App/usbd_cdc_if.o
 .text.CDC_DeInit_FS
                0x0000000008004f6c        0xe USB_DEVICE/App/usbd_cdc_if.o
 *fill*         0x0000000008004f7a        0x2 
 .text.CDC_Control_FS
                0x0000000008004f7c       0xbc USB_DEVICE/App/usbd_cdc_if.o
 .text.CDC_Receive_FS
                0x0000000008005038       0x34 USB_DEVICE/App/usbd_cdc_if.o
 .text.USBD_FS_DeviceDescriptor
                0x000000000800506c       0x24 USB_DEVICE/App/usbd_desc.o
                0x000000000800506c                USBD_FS_DeviceDescriptor
 .text.USBD_FS_LangIDStrDescriptor
                0x0000000008005090       0x24 USB_DEVICE/App/usbd_desc.o
                0x0000000008005090                USBD_FS_LangIDStrDescriptor
 .text.USBD_FS_ProductStrDescriptor
                0x00000000080050b4       0x3c USB_DEVICE/App/usbd_desc.o
                0x00000000080050b4                USBD_FS_ProductStrDescriptor
 .text.USBD_FS_ManufacturerStrDescriptor
                0x00000000080050f0       0x28 USB_DEVICE/App/usbd_desc.o
                0x00000000080050f0                USBD_FS_ManufacturerStrDescriptor
 .text.USBD_FS_SerialStrDescriptor
                0x0000000008005118       0x24 USB_DEVICE/App/usbd_desc.o
                0x0000000008005118                USBD_FS_SerialStrDescriptor
 .text.USBD_FS_ConfigStrDescriptor
                0x000000000800513c       0x3c USB_DEVICE/App/usbd_desc.o
                0x000000000800513c                USBD_FS_ConfigStrDescriptor
 .text.USBD_FS_InterfaceStrDescriptor
                0x0000000008005178       0x3c USB_DEVICE/App/usbd_desc.o
                0x0000000008005178                USBD_FS_InterfaceStrDescriptor
 .text.Get_SerialNum
                0x00000000080051b4       0x58 USB_DEVICE/App/usbd_desc.o
 .text.IntToUnicode
                0x000000000800520c       0x7a USB_DEVICE/App/usbd_desc.o
 *fill*         0x0000000008005286        0x2 
 .text.HAL_PCD_MspInit
                0x0000000008005288       0x4c USB_DEVICE/Target/usbd_conf.o
                0x0000000008005288                HAL_PCD_MspInit
 .text.HAL_PCD_SetupStageCallback
                0x00000000080052d4       0x24 USB_DEVICE/Target/usbd_conf.o
                0x00000000080052d4                HAL_PCD_SetupStageCallback
 .text.HAL_PCD_DataOutStageCallback
                0x00000000080052f8       0x30 USB_DEVICE/Target/usbd_conf.o
                0x00000000080052f8                HAL_PCD_DataOutStageCallback
 .text.HAL_PCD_DataInStageCallback
                0x0000000008005328       0x2e USB_DEVICE/Target/usbd_conf.o
                0x0000000008005328                HAL_PCD_DataInStageCallback
 .text.HAL_PCD_SOFCallback
                0x0000000008005356       0x1c USB_DEVICE/Target/usbd_conf.o
                0x0000000008005356                HAL_PCD_SOFCallback
 .text.HAL_PCD_ResetCallback
                0x0000000008005372       0x3c USB_DEVICE/Target/usbd_conf.o
                0x0000000008005372                HAL_PCD_ResetCallback
 *fill*         0x00000000080053ae        0x2 
 .text.HAL_PCD_SuspendCallback
                0x00000000080053b0       0x34 USB_DEVICE/Target/usbd_conf.o
                0x00000000080053b0                HAL_PCD_SuspendCallback
 .text.HAL_PCD_ResumeCallback
                0x00000000080053e4       0x1c USB_DEVICE/Target/usbd_conf.o
                0x00000000080053e4                HAL_PCD_ResumeCallback
 .text.USBD_LL_Init
                0x0000000008005400       0xb4 USB_DEVICE/Target/usbd_conf.o
                0x0000000008005400                USBD_LL_Init
 .text.USBD_LL_Start
                0x00000000080054b4       0x36 USB_DEVICE/Target/usbd_conf.o
                0x00000000080054b4                USBD_LL_Start
 .text.USBD_LL_OpenEP
                0x00000000080054ea       0x4c USB_DEVICE/Target/usbd_conf.o
                0x00000000080054ea                USBD_LL_OpenEP
 .text.USBD_LL_CloseEP
                0x0000000008005536       0x3e USB_DEVICE/Target/usbd_conf.o
                0x0000000008005536                USBD_LL_CloseEP
 .text.USBD_LL_StallEP
                0x0000000008005574       0x3e USB_DEVICE/Target/usbd_conf.o
                0x0000000008005574                USBD_LL_StallEP
 .text.USBD_LL_ClearStallEP
                0x00000000080055b2       0x3e USB_DEVICE/Target/usbd_conf.o
                0x00000000080055b2                USBD_LL_ClearStallEP
 .text.USBD_LL_IsStallEP
                0x00000000080055f0       0x4a USB_DEVICE/Target/usbd_conf.o
                0x00000000080055f0                USBD_LL_IsStallEP
 .text.USBD_LL_SetUSBAddress
                0x000000000800563a       0x3e USB_DEVICE/Target/usbd_conf.o
                0x000000000800563a                USBD_LL_SetUSBAddress
 .text.USBD_LL_Transmit
                0x0000000008005678       0x46 USB_DEVICE/Target/usbd_conf.o
                0x0000000008005678                USBD_LL_Transmit
 .text.USBD_LL_PrepareReceive
                0x00000000080056be       0x46 USB_DEVICE/Target/usbd_conf.o
                0x00000000080056be                USBD_LL_PrepareReceive
 .text.USBD_LL_GetRxDataSize
                0x0000000008005704       0x26 USB_DEVICE/Target/usbd_conf.o
                0x0000000008005704                USBD_LL_GetRxDataSize
 *fill*         0x000000000800572a        0x2 
 .text.USBD_static_malloc
                0x000000000800572c       0x18 USB_DEVICE/Target/usbd_conf.o
                0x000000000800572c                USBD_static_malloc
 .text.USBD_static_free
                0x0000000008005744       0x12 USB_DEVICE/Target/usbd_conf.o
                0x0000000008005744                USBD_static_free
 .text.HAL_PCDEx_SetConnectionState
                0x0000000008005756       0x16 USB_DEVICE/Target/usbd_conf.o
                0x0000000008005756                HAL_PCDEx_SetConnectionState
 .text.USBD_Get_USB_Status
                0x000000000800576c       0x58 USB_DEVICE/Target/usbd_conf.o
 .text.__libc_init_array
                0x00000000080057c4       0x48 c:/st/stm32cubeide_1.3.0/stm32cubeide/plugins/com.st.stm32cube.ide.mcu.externaltools.gnu-tools-for-stm32.7-2018-q2-update.win32_1.0.0.201904181610/tools/bin/../lib/gcc/arm-none-eabi/7.3.1/../../../../arm-none-eabi/lib/thumb/v7-m\libc_nano.a(lib_a-init.o)
                0x00000000080057c4                __libc_init_array
 .text.memcpy   0x000000000800580c       0x16 c:/st/stm32cubeide_1.3.0/stm32cubeide/plugins/com.st.stm32cube.ide.mcu.externaltools.gnu-tools-for-stm32.7-2018-q2-update.win32_1.0.0.201904181610/tools/bin/../lib/gcc/arm-none-eabi/7.3.1/../../../../arm-none-eabi/lib/thumb/v7-m\libc_nano.a(lib_a-memcpy-stub.o)
                0x000000000800580c                memcpy
 .text.memset   0x0000000008005822       0x10 c:/st/stm32cubeide_1.3.0/stm32cubeide/plugins/com.st.stm32cube.ide.mcu.externaltools.gnu-tools-for-stm32.7-2018-q2-update.win32_1.0.0.201904181610/tools/bin/../lib/gcc/arm-none-eabi/7.3.1/../../../../arm-none-eabi/lib/thumb/v7-m\libc_nano.a(lib_a-memset.o)
                0x0000000008005822                memset
 *(.glue_7)
 .glue_7        0x0000000008005832        0x0 linker stubs
 *(.glue_7t)
 .glue_7t       0x0000000008005832        0x0 linker stubs
 *(.eh_frame)
 *fill*         0x0000000008005832        0x2 
 .eh_frame      0x0000000008005834        0x0 c:/st/stm32cubeide_1.3.0/stm32cubeide/plugins/com.st.stm32cube.ide.mcu.externaltools.gnu-tools-for-stm32.7-2018-q2-update.win32_1.0.0.201904181610/tools/bin/../lib/gcc/arm-none-eabi/7.3.1/thumb/v7-m/crtbegin.o
 *(.init)
 .init          0x0000000008005834        0x4 c:/st/stm32cubeide_1.3.0/stm32cubeide/plugins/com.st.stm32cube.ide.mcu.externaltools.gnu-tools-for-stm32.7-2018-q2-update.win32_1.0.0.201904181610/tools/bin/../lib/gcc/arm-none-eabi/7.3.1/thumb/v7-m/crti.o
                0x0000000008005834                _init
 .init          0x0000000008005838        0x8 c:/st/stm32cubeide_1.3.0/stm32cubeide/plugins/com.st.stm32cube.ide.mcu.externaltools.gnu-tools-for-stm32.7-2018-q2-update.win32_1.0.0.201904181610/tools/bin/../lib/gcc/arm-none-eabi/7.3.1/thumb/v7-m/crtn.o
 *(.fini)
 .fini          0x0000000008005840        0x4 c:/st/stm32cubeide_1.3.0/stm32cubeide/plugins/com.st.stm32cube.ide.mcu.externaltools.gnu-tools-for-stm32.7-2018-q2-update.win32_1.0.0.201904181610/tools/bin/../lib/gcc/arm-none-eabi/7.3.1/thumb/v7-m/crti.o
                0x0000000008005840                _fini
 .fini          0x0000000008005844        0x8 c:/st/stm32cubeide_1.3.0/stm32cubeide/plugins/com.st.stm32cube.ide.mcu.externaltools.gnu-tools-for-stm32.7-2018-q2-update.win32_1.0.0.201904181610/tools/bin/../lib/gcc/arm-none-eabi/7.3.1/thumb/v7-m/crtn.o
                0x000000000800584c                . = ALIGN (0x4)
                0x000000000800584c                _etext = .

.vfp11_veneer   0x000000000800584c        0x0
 .vfp11_veneer  0x000000000800584c        0x0 linker stubs

.v4_bx          0x000000000800584c        0x0
 .v4_bx         0x000000000800584c        0x0 linker stubs

.iplt           0x000000000800584c        0x0
 .iplt          0x000000000800584c        0x0 c:/st/stm32cubeide_1.3.0/stm32cubeide/plugins/com.st.stm32cube.ide.mcu.externaltools.gnu-tools-for-stm32.7-2018-q2-update.win32_1.0.0.201904181610/tools/bin/../lib/gcc/arm-none-eabi/7.3.1/thumb/v7-m/crtbegin.o

.rodata         0x000000000800584c       0x6c
                0x000000000800584c                . = ALIGN (0x4)
 *(.rodata)
 .rodata        0x000000000800584c       0x12 Drivers/STM32F1xx_HAL_Driver/Src/stm32f1xx_hal_rcc.o
 *fill*         0x000000000800585e        0x2 
 .rodata        0x0000000008005860       0x46 USB_DEVICE/App/usbd_desc.o
 *(.rodata*)
 *fill*         0x00000000080058a6        0x2 
 .rodata.AHBPrescTable
                0x00000000080058a8       0x10 Core/Src/system_stm32f1xx.o
                0x00000000080058a8                AHBPrescTable
                0x00000000080058b8                . = ALIGN (0x4)

.rel.dyn        0x00000000080058b8        0x0
 .rel.iplt      0x00000000080058b8        0x0 c:/st/stm32cubeide_1.3.0/stm32cubeide/plugins/com.st.stm32cube.ide.mcu.externaltools.gnu-tools-for-stm32.7-2018-q2-update.win32_1.0.0.201904181610/tools/bin/../lib/gcc/arm-none-eabi/7.3.1/thumb/v7-m/crtbegin.o

.ARM.extab      0x00000000080058b8        0x0
                0x00000000080058b8                . = ALIGN (0x4)
 *(.ARM.extab* .gnu.linkonce.armextab.*)
                0x00000000080058b8                . = ALIGN (0x4)

.ARM            0x00000000080058b8        0x0
                0x00000000080058b8                . = ALIGN (0x4)
                0x00000000080058b8                __exidx_start = .
 *(.ARM.exidx*)
                0x00000000080058b8                __exidx_end = .
                0x00000000080058b8                . = ALIGN (0x4)

.preinit_array  0x00000000080058b8        0x0
                0x00000000080058b8                . = ALIGN (0x4)
                0x00000000080058b8                PROVIDE (__preinit_array_start = .)
 *(.preinit_array*)
                0x00000000080058b8                PROVIDE (__preinit_array_end = .)
                0x00000000080058b8                . = ALIGN (0x4)

.init_array     0x00000000080058b8        0x4
                0x00000000080058b8                . = ALIGN (0x4)
                0x00000000080058b8                PROVIDE (__init_array_start = .)
 *(SORT_BY_NAME(.init_array.*))
 *(.init_array*)
 .init_array    0x00000000080058b8        0x4 c:/st/stm32cubeide_1.3.0/stm32cubeide/plugins/com.st.stm32cube.ide.mcu.externaltools.gnu-tools-for-stm32.7-2018-q2-update.win32_1.0.0.201904181610/tools/bin/../lib/gcc/arm-none-eabi/7.3.1/thumb/v7-m/crtbegin.o
                0x00000000080058bc                PROVIDE (__init_array_end = .)
                0x00000000080058bc                . = ALIGN (0x4)

.fini_array     0x00000000080058bc        0x4
                0x00000000080058bc                . = ALIGN (0x4)
                [!provide]                        PROVIDE (__fini_array_start = .)
 *(SORT_BY_NAME(.fini_array.*))
 *(.fini_array*)
 .fini_array    0x00000000080058bc        0x4 c:/st/stm32cubeide_1.3.0/stm32cubeide/plugins/com.st.stm32cube.ide.mcu.externaltools.gnu-tools-for-stm32.7-2018-q2-update.win32_1.0.0.201904181610/tools/bin/../lib/gcc/arm-none-eabi/7.3.1/thumb/v7-m/crtbegin.o
                [!provide]                        PROVIDE (__fini_array_end = .)
                0x00000000080058c0                . = ALIGN (0x4)
                0x00000000080058c0                _sidata = LOADADDR (.data)

.data           0x0000000020000000      0x17c load address 0x00000000080058c0
                0x0000000020000000                . = ALIGN (0x4)
                0x0000000020000000                _sdata = .
 *(.data)
 *(.data*)
 .data.SystemCoreClock
                0x0000000020000000        0x4 Core/Src/system_stm32f1xx.o
                0x0000000020000000                SystemCoreClock
 .data.uwTickPrio
                0x0000000020000004        0x4 Drivers/STM32F1xx_HAL_Driver/Src/stm32f1xx_hal.o
                0x0000000020000004                uwTickPrio
 .data.uwTickFreq
                0x0000000020000008        0x1 Drivers/STM32F1xx_HAL_Driver/Src/stm32f1xx_hal.o
                0x0000000020000008                uwTickFreq
 *fill*         0x0000000020000009        0x3 
 .data.USBD_CDC_DeviceQualifierDesc
                0x000000002000000c        0xa Middlewares/ST/STM32_USB_Device_Library/Class/CDC/Src/usbd_cdc.o
 *fill*         0x0000000020000016        0x2 
 .data.USBD_CDC
                0x0000000020000018       0x38 Middlewares/ST/STM32_USB_Device_Library/Class/CDC/Src/usbd_cdc.o
                0x0000000020000018                USBD_CDC
 .data.USBD_CDC_CfgHSDesc
                0x0000000020000050       0x43 Middlewares/ST/STM32_USB_Device_Library/Class/CDC/Src/usbd_cdc.o
                0x0000000020000050                USBD_CDC_CfgHSDesc
 *fill*         0x0000000020000093        0x1 
 .data.USBD_CDC_CfgFSDesc
                0x0000000020000094       0x43 Middlewares/ST/STM32_USB_Device_Library/Class/CDC/Src/usbd_cdc.o
                0x0000000020000094                USBD_CDC_CfgFSDesc
 *fill*         0x00000000200000d7        0x1 
 .data.USBD_CDC_OtherSpeedCfgDesc
                0x00000000200000d8       0x43 Middlewares/ST/STM32_USB_Device_Library/Class/CDC/Src/usbd_cdc.o
                0x00000000200000d8                USBD_CDC_OtherSpeedCfgDesc
 *fill*         0x000000002000011b        0x1 
 .data.USBD_Interface_fops_FS
                0x000000002000011c       0x10 USB_DEVICE/App/usbd_cdc_if.o
                0x000000002000011c                USBD_Interface_fops_FS
 .data.FS_Desc  0x000000002000012c       0x1c USB_DEVICE/App/usbd_desc.o
                0x000000002000012c                FS_Desc
 .data.USBD_FS_DeviceDesc
                0x0000000020000148       0x12 USB_DEVICE/App/usbd_desc.o
                0x0000000020000148                USBD_FS_DeviceDesc
 *fill*         0x000000002000015a        0x2 
 .data.USBD_LangIDDesc
                0x000000002000015c        0x4 USB_DEVICE/App/usbd_desc.o
                0x000000002000015c                USBD_LangIDDesc
 .data.USBD_StringSerial
                0x0000000020000160       0x1a USB_DEVICE/App/usbd_desc.o
                0x0000000020000160                USBD_StringSerial
                0x000000002000017c                . = ALIGN (0x4)
 *fill*         0x000000002000017a        0x2 
                0x000000002000017c                _edata = .

.igot.plt       0x000000002000017c        0x0 load address 0x0000000008005a3c
 .igot.plt      0x000000002000017c        0x0 c:/st/stm32cubeide_1.3.0/stm32cubeide/plugins/com.st.stm32cube.ide.mcu.externaltools.gnu-tools-for-stm32.7-2018-q2-update.win32_1.0.0.201904181610/tools/bin/../lib/gcc/arm-none-eabi/7.3.1/thumb/v7-m/crtbegin.o
                0x000000002000017c                . = ALIGN (0x4)

.bss            0x000000002000017c     0x1844 load address 0x0000000008005a3c
                0x000000002000017c                _sbss = .
                0x000000002000017c                __bss_start__ = _sbss
 *(.bss)
 .bss           0x000000002000017c       0x1c c:/st/stm32cubeide_1.3.0/stm32cubeide/plugins/com.st.stm32cube.ide.mcu.externaltools.gnu-tools-for-stm32.7-2018-q2-update.win32_1.0.0.201904181610/tools/bin/../lib/gcc/arm-none-eabi/7.3.1/thumb/v7-m/crtbegin.o
 *(.bss*)
 .bss.haveDataToParse
                0x0000000020000198        0x1 Core/Src/main.o
                0x0000000020000198                haveDataToParse
 .bss.cfgidx.7762
                0x0000000020000199        0x1 Middlewares/ST/STM32_USB_Device_Library/Core/Src/usbd_ctlreq.o
 *fill*         0x000000002000019a        0x2 
 .bss.mem.7827  0x000000002000019c      0x220 USB_DEVICE/Target/usbd_conf.o
 *(COMMON)
 COMMON         0x00000000200003bc      0x800 Core/Src/main.o
                0x00000000200003bc                hadc1
                0x00000000200003ec                externalReciveBuffer
                0x00000000200007d4                inpRawCmd
 COMMON         0x0000000020000bbc        0x4 Drivers/STM32F1xx_HAL_Driver/Src/stm32f1xx_hal.o
                0x0000000020000bbc                uwTick
 COMMON         0x0000000020000bc0      0x2c4 USB_DEVICE/App/usb_device.o
                0x0000000020000bc0                hUsbDeviceFS
 COMMON         0x0000000020000e84      0x7d0 USB_DEVICE/App/usbd_cdc_if.o
                0x0000000020000e84                UserRxBufferFS
                0x000000002000126c                UserTxBufferFS
 COMMON         0x0000000020001654      0x100 USB_DEVICE/App/usbd_desc.o
                0x0000000020001654                USBD_StrDesc
 COMMON         0x0000000020001754      0x26c USB_DEVICE/Target/usbd_conf.o
                0x0000000020001754                hpcd_USB_FS
                0x00000000200019c0                . = ALIGN (0x4)
                0x00000000200019c0                _ebss = .
                0x00000000200019c0                __bss_end__ = _ebss

._user_heap_stack
                0x00000000200019c0      0x600 load address 0x0000000008005a3c
                0x00000000200019c0                . = ALIGN (0x8)
                0x00000000200019c0                PROVIDE (end = .)
                [!provide]                        PROVIDE (_end = .)
                0x0000000020001bc0                . = (. + _Min_Heap_Size)
 *fill*         0x00000000200019c0      0x200 
                0x0000000020001fc0                . = (. + _Min_Stack_Size)
 *fill*         0x0000000020001bc0      0x400 
                0x0000000020001fc0                . = ALIGN (0x8)

/DISCARD/
 libc.a(*)
 libm.a(*)
 libgcc.a(*)

.ARM.attributes
                0x0000000000000000       0x29
 *(.ARM.attributes)
 .ARM.attributes
                0x0000000000000000       0x1d c:/st/stm32cubeide_1.3.0/stm32cubeide/plugins/com.st.stm32cube.ide.mcu.externaltools.gnu-tools-for-stm32.7-2018-q2-update.win32_1.0.0.201904181610/tools/bin/../lib/gcc/arm-none-eabi/7.3.1/thumb/v7-m/crti.o
 .ARM.attributes
                0x000000000000001d       0x2d c:/st/stm32cubeide_1.3.0/stm32cubeide/plugins/com.st.stm32cube.ide.mcu.externaltools.gnu-tools-for-stm32.7-2018-q2-update.win32_1.0.0.201904181610/tools/bin/../lib/gcc/arm-none-eabi/7.3.1/thumb/v7-m/crtbegin.o
 .ARM.attributes
                0x000000000000004a       0x33 Core/Src/main.o
 .ARM.attributes
                0x000000000000007d       0x33 Core/Src/stm32f1xx_hal_msp.o
 .ARM.attributes
                0x00000000000000b0       0x33 Core/Src/stm32f1xx_it.o
 .ARM.attributes
                0x00000000000000e3       0x33 Core/Src/system_stm32f1xx.o
 .ARM.attributes
                0x0000000000000116       0x21 Core/Startup/startup_stm32f103c8tx.o
 .ARM.attributes
                0x0000000000000137       0x33 Drivers/STM32F1xx_HAL_Driver/Src/stm32f1xx_hal.o
 .ARM.attributes
                0x000000000000016a       0x33 Drivers/STM32F1xx_HAL_Driver/Src/stm32f1xx_hal_adc.o
 .ARM.attributes
                0x000000000000019d       0x33 Drivers/STM32F1xx_HAL_Driver/Src/stm32f1xx_hal_cortex.o
 .ARM.attributes
                0x00000000000001d0       0x33 Drivers/STM32F1xx_HAL_Driver/Src/stm32f1xx_hal_gpio.o
 .ARM.attributes
                0x0000000000000203       0x33 Drivers/STM32F1xx_HAL_Driver/Src/stm32f1xx_hal_pcd.o
 .ARM.attributes
                0x0000000000000236       0x33 Drivers/STM32F1xx_HAL_Driver/Src/stm32f1xx_hal_pcd_ex.o
 .ARM.attributes
                0x0000000000000269       0x33 Drivers/STM32F1xx_HAL_Driver/Src/stm32f1xx_hal_rcc.o
 .ARM.attributes
                0x000000000000029c       0x33 Drivers/STM32F1xx_HAL_Driver/Src/stm32f1xx_hal_rcc_ex.o
 .ARM.attributes
                0x00000000000002cf       0x33 Drivers/STM32F1xx_HAL_Driver/Src/stm32f1xx_ll_usb.o
 .ARM.attributes
                0x0000000000000302       0x33 Middlewares/ST/STM32_USB_Device_Library/Class/CDC/Src/usbd_cdc.o
 .ARM.attributes
                0x0000000000000335       0x33 Middlewares/ST/STM32_USB_Device_Library/Core/Src/usbd_core.o
 .ARM.attributes
                0x0000000000000368       0x33 Middlewares/ST/STM32_USB_Device_Library/Core/Src/usbd_ctlreq.o
 .ARM.attributes
                0x000000000000039b       0x33 Middlewares/ST/STM32_USB_Device_Library/Core/Src/usbd_ioreq.o
 .ARM.attributes
                0x00000000000003ce       0x33 USB_DEVICE/App/usb_device.o
 .ARM.attributes
                0x0000000000000401       0x33 USB_DEVICE/App/usbd_cdc_if.o
 .ARM.attributes
                0x0000000000000434       0x33 USB_DEVICE/App/usbd_desc.o
 .ARM.attributes
                0x0000000000000467       0x33 USB_DEVICE/Target/usbd_conf.o
 .ARM.attributes
                0x000000000000049a       0x2d c:/st/stm32cubeide_1.3.0/stm32cubeide/plugins/com.st.stm32cube.ide.mcu.externaltools.gnu-tools-for-stm32.7-2018-q2-update.win32_1.0.0.201904181610/tools/bin/../lib/gcc/arm-none-eabi/7.3.1/../../../../arm-none-eabi/lib/thumb/v7-m\libc_nano.a(lib_a-init.o)
 .ARM.attributes
                0x00000000000004c7       0x2d c:/st/stm32cubeide_1.3.0/stm32cubeide/plugins/com.st.stm32cube.ide.mcu.externaltools.gnu-tools-for-stm32.7-2018-q2-update.win32_1.0.0.201904181610/tools/bin/../lib/gcc/arm-none-eabi/7.3.1/../../../../arm-none-eabi/lib/thumb/v7-m\libc_nano.a(lib_a-memcpy-stub.o)
 .ARM.attributes
                0x00000000000004f4       0x2d c:/st/stm32cubeide_1.3.0/stm32cubeide/plugins/com.st.stm32cube.ide.mcu.externaltools.gnu-tools-for-stm32.7-2018-q2-update.win32_1.0.0.201904181610/tools/bin/../lib/gcc/arm-none-eabi/7.3.1/../../../../arm-none-eabi/lib/thumb/v7-m\libc_nano.a(lib_a-memset.o)
 .ARM.attributes
                0x0000000000000521       0x1d c:/st/stm32cubeide_1.3.0/stm32cubeide/plugins/com.st.stm32cube.ide.mcu.externaltools.gnu-tools-for-stm32.7-2018-q2-update.win32_1.0.0.201904181610/tools/bin/../lib/gcc/arm-none-eabi/7.3.1/thumb/v7-m/crtn.o
OUTPUT(triggerFirmware.elf elf32-littlearm)

.debug_info     0x0000000000000000    0x11832
 .debug_info    0x0000000000000000     0x1610 Core/Src/main.o
 .debug_info    0x0000000000001610      0x826 Core/Src/stm32f1xx_hal_msp.o
 .debug_info    0x0000000000001e36      0x681 Core/Src/stm32f1xx_it.o
 .debug_info    0x00000000000024b7      0x433 Core/Src/system_stm32f1xx.o
 .debug_info    0x00000000000028ea       0x22 Core/Startup/startup_stm32f103c8tx.o
 .debug_info    0x000000000000290c      0x6fe Drivers/STM32F1xx_HAL_Driver/Src/stm32f1xx_hal.o
 .debug_info    0x000000000000300a      0xc61 Drivers/STM32F1xx_HAL_Driver/Src/stm32f1xx_hal_adc.o
 .debug_info    0x0000000000003c6b      0xb46 Drivers/STM32F1xx_HAL_Driver/Src/stm32f1xx_hal_cortex.o
 .debug_info    0x00000000000047b1      0x681 Drivers/STM32F1xx_HAL_Driver/Src/stm32f1xx_hal_gpio.o
 .debug_info    0x0000000000004e32      0xe38 Drivers/STM32F1xx_HAL_Driver/Src/stm32f1xx_hal_pcd.o
 .debug_info    0x0000000000005c6a      0x760 Drivers/STM32F1xx_HAL_Driver/Src/stm32f1xx_hal_pcd_ex.o
 .debug_info    0x00000000000063ca      0x804 Drivers/STM32F1xx_HAL_Driver/Src/stm32f1xx_hal_rcc.o
 .debug_info    0x0000000000006bce      0x439 Drivers/STM32F1xx_HAL_Driver/Src/stm32f1xx_hal_rcc_ex.o
 .debug_info    0x0000000000007007     0x14f9 Drivers/STM32F1xx_HAL_Driver/Src/stm32f1xx_ll_usb.o
 .debug_info    0x0000000000008500     0x1791 Middlewares/ST/STM32_USB_Device_Library/Class/CDC/Src/usbd_cdc.o
 .debug_info    0x0000000000009c91     0x11c2 Middlewares/ST/STM32_USB_Device_Library/Core/Src/usbd_core.o
 .debug_info    0x000000000000ae53     0x1132 Middlewares/ST/STM32_USB_Device_Library/Core/Src/usbd_ctlreq.o
 .debug_info    0x000000000000bf85      0xf23 Middlewares/ST/STM32_USB_Device_Library/Core/Src/usbd_ioreq.o
 .debug_info    0x000000000000cea8      0xe6b USB_DEVICE/App/usb_device.o
 .debug_info    0x000000000000dd13     0x1084 USB_DEVICE/App/usbd_cdc_if.o
 .debug_info    0x000000000000ed97      0xd06 USB_DEVICE/App/usbd_desc.o
 .debug_info    0x000000000000fa9d     0x1d95 USB_DEVICE/Target/usbd_conf.o

.debug_abbrev   0x0000000000000000     0x2bef
 .debug_abbrev  0x0000000000000000      0x28f Core/Src/main.o
 .debug_abbrev  0x000000000000028f      0x18c Core/Src/stm32f1xx_hal_msp.o
 .debug_abbrev  0x000000000000041b      0x155 Core/Src/stm32f1xx_it.o
 .debug_abbrev  0x0000000000000570      0x134 Core/Src/system_stm32f1xx.o
 .debug_abbrev  0x00000000000006a4       0x12 Core/Startup/startup_stm32f103c8tx.o
 .debug_abbrev  0x00000000000006b6      0x1d8 Drivers/STM32F1xx_HAL_Driver/Src/stm32f1xx_hal.o
 .debug_abbrev  0x000000000000088e      0x1d5 Drivers/STM32F1xx_HAL_Driver/Src/stm32f1xx_hal_adc.o
 .debug_abbrev  0x0000000000000a63      0x2d5 Drivers/STM32F1xx_HAL_Driver/Src/stm32f1xx_hal_cortex.o
 .debug_abbrev  0x0000000000000d38      0x1c0 Drivers/STM32F1xx_HAL_Driver/Src/stm32f1xx_hal_gpio.o
 .debug_abbrev  0x0000000000000ef8      0x263 Drivers/STM32F1xx_HAL_Driver/Src/stm32f1xx_hal_pcd.o
 .debug_abbrev  0x000000000000115b      0x188 Drivers/STM32F1xx_HAL_Driver/Src/stm32f1xx_hal_pcd_ex.o
 .debug_abbrev  0x00000000000012e3      0x243 Drivers/STM32F1xx_HAL_Driver/Src/stm32f1xx_hal_rcc.o
 .debug_abbrev  0x0000000000001526      0x175 Drivers/STM32F1xx_HAL_Driver/Src/stm32f1xx_hal_rcc_ex.o
 .debug_abbrev  0x000000000000169b      0x1c5 Drivers/STM32F1xx_HAL_Driver/Src/stm32f1xx_ll_usb.o
 .debug_abbrev  0x0000000000001860      0x2b6 Middlewares/ST/STM32_USB_Device_Library/Class/CDC/Src/usbd_cdc.o
 .debug_abbrev  0x0000000000001b16      0x270 Middlewares/ST/STM32_USB_Device_Library/Core/Src/usbd_core.o
 .debug_abbrev  0x0000000000001d86      0x2a0 Middlewares/ST/STM32_USB_Device_Library/Core/Src/usbd_ctlreq.o
 .debug_abbrev  0x0000000000002026      0x1e0 Middlewares/ST/STM32_USB_Device_Library/Core/Src/usbd_ioreq.o
 .debug_abbrev  0x0000000000002206      0x1be USB_DEVICE/App/usb_device.o
 .debug_abbrev  0x00000000000023c4      0x2c9 USB_DEVICE/App/usbd_cdc_if.o
 .debug_abbrev  0x000000000000268d      0x287 USB_DEVICE/App/usbd_desc.o
 .debug_abbrev  0x0000000000002914      0x2db USB_DEVICE/Target/usbd_conf.o

.debug_aranges  0x0000000000000000      0xb80
 .debug_aranges
                0x0000000000000000       0x50 Core/Src/main.o
 .debug_aranges
                0x0000000000000050       0x30 Core/Src/stm32f1xx_hal_msp.o
 .debug_aranges
                0x0000000000000080       0x68 Core/Src/stm32f1xx_it.o
 .debug_aranges
                0x00000000000000e8       0x28 Core/Src/system_stm32f1xx.o
 .debug_aranges
                0x0000000000000110       0x28 Core/Startup/startup_stm32f103c8tx.o
 .debug_aranges
                0x0000000000000138       0xe0 Drivers/STM32F1xx_HAL_Driver/Src/stm32f1xx_hal.o
 .debug_aranges
                0x0000000000000218       0xf0 Drivers/STM32F1xx_HAL_Driver/Src/stm32f1xx_hal_adc.o
 .debug_aranges
                0x0000000000000308      0x100 Drivers/STM32F1xx_HAL_Driver/Src/stm32f1xx_hal_cortex.o
 .debug_aranges
                0x0000000000000408       0x58 Drivers/STM32F1xx_HAL_Driver/Src/stm32f1xx_hal_gpio.o
 .debug_aranges
                0x0000000000000460      0x120 Drivers/STM32F1xx_HAL_Driver/Src/stm32f1xx_hal_pcd.o
 .debug_aranges
                0x0000000000000580       0x38 Drivers/STM32F1xx_HAL_Driver/Src/stm32f1xx_hal_pcd_ex.o
 .debug_aranges
                0x00000000000005b8       0x90 Drivers/STM32F1xx_HAL_Driver/Src/stm32f1xx_hal_rcc.o
 .debug_aranges
                0x0000000000000648       0x30 Drivers/STM32F1xx_HAL_Driver/Src/stm32f1xx_hal_rcc_ex.o
 .debug_aranges
                0x0000000000000678      0x108 Drivers/STM32F1xx_HAL_Driver/Src/stm32f1xx_ll_usb.o
 .debug_aranges
                0x0000000000000780       0x90 Middlewares/ST/STM32_USB_Device_Library/Class/CDC/Src/usbd_cdc.o
 .debug_aranges
                0x0000000000000810       0xb8 Middlewares/ST/STM32_USB_Device_Library/Core/Src/usbd_core.o
 .debug_aranges
                0x00000000000008c8       0x88 Middlewares/ST/STM32_USB_Device_Library/Core/Src/usbd_ctlreq.o
 .debug_aranges
                0x0000000000000950       0x50 Middlewares/ST/STM32_USB_Device_Library/Core/Src/usbd_ioreq.o
 .debug_aranges
                0x00000000000009a0       0x20 USB_DEVICE/App/usb_device.o
 .debug_aranges
                0x00000000000009c0       0x48 USB_DEVICE/App/usbd_cdc_if.o
 .debug_aranges
                0x0000000000000a08       0x60 USB_DEVICE/App/usbd_desc.o
 .debug_aranges
                0x0000000000000a68      0x118 USB_DEVICE/Target/usbd_conf.o

.debug_ranges   0x0000000000000000      0xa28
 .debug_ranges  0x0000000000000000       0x40 Core/Src/main.o
 .debug_ranges  0x0000000000000040       0x20 Core/Src/stm32f1xx_hal_msp.o
 .debug_ranges  0x0000000000000060       0x58 Core/Src/stm32f1xx_it.o
 .debug_ranges  0x00000000000000b8       0x18 Core/Src/system_stm32f1xx.o
 .debug_ranges  0x00000000000000d0       0x20 Core/Startup/startup_stm32f103c8tx.o
 .debug_ranges  0x00000000000000f0       0xd0 Drivers/STM32F1xx_HAL_Driver/Src/stm32f1xx_hal.o
 .debug_ranges  0x00000000000001c0       0xe0 Drivers/STM32F1xx_HAL_Driver/Src/stm32f1xx_hal_adc.o
 .debug_ranges  0x00000000000002a0       0xf0 Drivers/STM32F1xx_HAL_Driver/Src/stm32f1xx_hal_cortex.o
 .debug_ranges  0x0000000000000390       0x48 Drivers/STM32F1xx_HAL_Driver/Src/stm32f1xx_hal_gpio.o
 .debug_ranges  0x00000000000003d8      0x110 Drivers/STM32F1xx_HAL_Driver/Src/stm32f1xx_hal_pcd.o
 .debug_ranges  0x00000000000004e8       0x28 Drivers/STM32F1xx_HAL_Driver/Src/stm32f1xx_hal_pcd_ex.o
 .debug_ranges  0x0000000000000510       0x80 Drivers/STM32F1xx_HAL_Driver/Src/stm32f1xx_hal_rcc.o
 .debug_ranges  0x0000000000000590       0x20 Drivers/STM32F1xx_HAL_Driver/Src/stm32f1xx_hal_rcc_ex.o
 .debug_ranges  0x00000000000005b0       0xf8 Drivers/STM32F1xx_HAL_Driver/Src/stm32f1xx_ll_usb.o
 .debug_ranges  0x00000000000006a8       0x80 Middlewares/ST/STM32_USB_Device_Library/Class/CDC/Src/usbd_cdc.o
 .debug_ranges  0x0000000000000728       0xa8 Middlewares/ST/STM32_USB_Device_Library/Core/Src/usbd_core.o
 .debug_ranges  0x00000000000007d0       0x78 Middlewares/ST/STM32_USB_Device_Library/Core/Src/usbd_ctlreq.o
 .debug_ranges  0x0000000000000848       0x40 Middlewares/ST/STM32_USB_Device_Library/Core/Src/usbd_ioreq.o
 .debug_ranges  0x0000000000000888       0x10 USB_DEVICE/App/usb_device.o
 .debug_ranges  0x0000000000000898       0x38 USB_DEVICE/App/usbd_cdc_if.o
 .debug_ranges  0x00000000000008d0       0x50 USB_DEVICE/App/usbd_desc.o
 .debug_ranges  0x0000000000000920      0x108 USB_DEVICE/Target/usbd_conf.o

.debug_macro    0x0000000000000000    0x16a26
 .debug_macro   0x0000000000000000      0x401 Core/Src/main.o
 .debug_macro   0x0000000000000401      0xa5a Core/Src/main.o
 .debug_macro   0x0000000000000e5b      0x21b Core/Src/main.o
 .debug_macro   0x0000000000001076       0x2e Core/Src/main.o
 .debug_macro   0x00000000000010a4       0x22 Core/Src/main.o
 .debug_macro   0x00000000000010c6       0x22 Core/Src/main.o
 .debug_macro   0x00000000000010e8       0x8e Core/Src/main.o
 .debug_macro   0x0000000000001176       0x51 Core/Src/main.o
 .debug_macro   0x00000000000011c7       0xef Core/Src/main.o
 .debug_macro   0x00000000000012b6       0x6a Core/Src/main.o
 .debug_macro   0x0000000000001320      0x1df Core/Src/main.o
 .debug_macro   0x00000000000014ff       0x1c Core/Src/main.o
 .debug_macro   0x000000000000151b       0x22 Core/Src/main.o
 .debug_macro   0x000000000000153d       0xc3 Core/Src/main.o
 .debug_macro   0x0000000000001600      0xd23 Core/Src/main.o
 .debug_macro   0x0000000000002323     0xe09e Core/Src/main.o
 .debug_macro   0x00000000000103c1       0x43 Core/Src/main.o
 .debug_macro   0x0000000000010404      0x174 Core/Src/main.o
 .debug_macro   0x0000000000010578       0x5a Core/Src/main.o
 .debug_macro   0x00000000000105d2      0x5be Core/Src/main.o
 .debug_macro   0x0000000000010b90      0x289 Core/Src/main.o
 .debug_macro   0x0000000000010e19      0x1cb Core/Src/main.o
 .debug_macro   0x0000000000010fe4      0x114 Core/Src/main.o
 .debug_macro   0x00000000000110f8      0x1b2 Core/Src/main.o
 .debug_macro   0x00000000000112aa       0x27 Core/Src/main.o
 .debug_macro   0x00000000000112d1      0x136 Core/Src/main.o
 .debug_macro   0x0000000000011407      0x1bc Core/Src/main.o
 .debug_macro   0x00000000000115c3       0x34 Core/Src/main.o
 .debug_macro   0x00000000000115f7       0x3c Core/Src/main.o
 .debug_macro   0x0000000000011633       0x57 Core/Src/main.o
 .debug_macro   0x000000000001168a      0x46a Core/Src/main.o
 .debug_macro   0x0000000000011af4      0x1b5 Core/Src/main.o
 .debug_macro   0x0000000000011ca9       0x88 Core/Src/main.o
 .debug_macro   0x0000000000011d31      0x241 Core/Src/main.o
 .debug_macro   0x0000000000011f72      0x141 Core/Src/main.o
 .debug_macro   0x00000000000120b3       0x65 Core/Src/main.o
 .debug_macro   0x0000000000012118      0x249 Core/Src/main.o
 .debug_macro   0x0000000000012361       0x83 Core/Src/main.o
 .debug_macro   0x00000000000123e4       0x46 Core/Src/main.o
 .debug_macro   0x000000000001242a       0x18 Core/Src/main.o
 .debug_macro   0x0000000000012442       0x3c Core/Src/main.o
 .debug_macro   0x000000000001247e       0x34 Core/Src/main.o
 .debug_macro   0x00000000000124b2       0x16 Core/Src/main.o
 .debug_macro   0x00000000000124c8       0x35 Core/Src/main.o
 .debug_macro   0x00000000000124fd      0x32a Core/Src/main.o
 .debug_macro   0x0000000000012827       0x10 Core/Src/main.o
 .debug_macro   0x0000000000012837       0x52 Core/Src/main.o
 .debug_macro   0x0000000000012889       0x1f Core/Src/main.o
 .debug_macro   0x00000000000128a8       0x43 Core/Src/main.o
 .debug_macro   0x00000000000128eb       0x20 Core/Src/main.o
 .debug_macro   0x000000000001290b      0x1a3 Core/Src/main.o
 .debug_macro   0x0000000000012aae       0x10 Core/Src/main.o
 .debug_macro   0x0000000000012abe       0x1c Core/Src/main.o
 .debug_macro   0x0000000000012ada       0x52 Core/Src/main.o
 .debug_macro   0x0000000000012b2c       0x40 Core/Src/main.o
 .debug_macro   0x0000000000012b6c       0x10 Core/Src/main.o
 .debug_macro   0x0000000000012b7c       0x40 Core/Src/main.o
 .debug_macro   0x0000000000012bbc       0xd7 Core/Src/main.o
 .debug_macro   0x0000000000012c93       0x1c Core/Src/main.o
 .debug_macro   0x0000000000012caf       0x3d Core/Src/main.o
 .debug_macro   0x0000000000012cec       0x16 Core/Src/main.o
 .debug_macro   0x0000000000012d02      0x145 Core/Src/main.o
 .debug_macro   0x0000000000012e47       0x16 Core/Src/main.o
 .debug_macro   0x0000000000012e5d       0x16 Core/Src/main.o
 .debug_macro   0x0000000000012e73       0x29 Core/Src/main.o
 .debug_macro   0x0000000000012e9c       0x16 Core/Src/main.o
 .debug_macro   0x0000000000012eb2       0x20 Core/Src/main.o
 .debug_macro   0x0000000000012ed2       0x60 Core/Src/main.o
 .debug_macro   0x0000000000012f32      0x1c8 Core/Src/main.o
 .debug_macro   0x00000000000130fa       0x8f Core/Src/main.o
 .debug_macro   0x0000000000013189       0x10 Core/Src/main.o
 .debug_macro   0x0000000000013199      0x1bd Core/Src/stm32f1xx_hal_msp.o
 .debug_macro   0x0000000000013356      0x1c7 Core/Src/stm32f1xx_it.o
 .debug_macro   0x000000000001351d      0x1b9 Core/Src/system_stm32f1xx.o
 .debug_macro   0x00000000000136d6      0x1d7 Drivers/STM32F1xx_HAL_Driver/Src/stm32f1xx_hal.o
 .debug_macro   0x00000000000138ad      0x1d0 Drivers/STM32F1xx_HAL_Driver/Src/stm32f1xx_hal_adc.o
 .debug_macro   0x0000000000013a7d      0x1b3 Drivers/STM32F1xx_HAL_Driver/Src/stm32f1xx_hal_cortex.o
 .debug_macro   0x0000000000013c30      0x21e Drivers/STM32F1xx_HAL_Driver/Src/stm32f1xx_hal_gpio.o
 .debug_macro   0x0000000000013e4e      0x1bf Drivers/STM32F1xx_HAL_Driver/Src/stm32f1xx_hal_pcd.o
 .debug_macro   0x000000000001400d      0x1b3 Drivers/STM32F1xx_HAL_Driver/Src/stm32f1xx_hal_pcd_ex.o
 .debug_macro   0x00000000000141c0      0x1c5 Drivers/STM32F1xx_HAL_Driver/Src/stm32f1xx_hal_rcc.o
 .debug_macro   0x0000000000014385      0x1b3 Drivers/STM32F1xx_HAL_Driver/Src/stm32f1xx_hal_rcc_ex.o
 .debug_macro   0x0000000000014538      0x1b3 Drivers/STM32F1xx_HAL_Driver/Src/stm32f1xx_ll_usb.o
 .debug_macro   0x00000000000146eb      0x3ca Middlewares/ST/STM32_USB_Device_Library/Class/CDC/Src/usbd_cdc.o
 .debug_macro   0x0000000000014ab5       0x97 Middlewares/ST/STM32_USB_Device_Library/Class/CDC/Src/usbd_cdc.o
 .debug_macro   0x0000000000014b4c       0xfd Middlewares/ST/STM32_USB_Device_Library/Class/CDC/Src/usbd_cdc.o
 .debug_macro   0x0000000000014c49       0xbd Middlewares/ST/STM32_USB_Device_Library/Class/CDC/Src/usbd_cdc.o
 .debug_macro   0x0000000000014d06       0x54 Middlewares/ST/STM32_USB_Device_Library/Class/CDC/Src/usbd_cdc.o
 .debug_macro   0x0000000000014d5a      0x3b1 Middlewares/ST/STM32_USB_Device_Library/Core/Src/usbd_core.o
 .debug_macro   0x000000000001510b      0x1ce Middlewares/ST/STM32_USB_Device_Library/Core/Src/usbd_core.o
 .debug_macro   0x00000000000152d9      0x3bb Middlewares/ST/STM32_USB_Device_Library/Core/Src/usbd_ctlreq.o
 .debug_macro   0x0000000000015694      0x3b7 Middlewares/ST/STM32_USB_Device_Library/Core/Src/usbd_ioreq.o
 .debug_macro   0x0000000000015a4b      0x3f0 USB_DEVICE/App/usb_device.o
 .debug_macro   0x0000000000015e3b       0x22 USB_DEVICE/App/usb_device.o
 .debug_macro   0x0000000000015e5d       0x16 USB_DEVICE/App/usb_device.o
 .debug_macro   0x0000000000015e73      0x3d5 USB_DEVICE/App/usbd_cdc_if.o
 .debug_macro   0x0000000000016248      0x3ee USB_DEVICE/App/usbd_desc.o
 .debug_macro   0x0000000000016636       0x1c USB_DEVICE/App/usbd_desc.o
 .debug_macro   0x0000000000016652      0x3d4 USB_DEVICE/Target/usbd_conf.o

.debug_line     0x0000000000000000     0xc6d0
 .debug_line    0x0000000000000000      0xa2f Core/Src/main.o
 .debug_line    0x0000000000000a2f      0x692 Core/Src/stm32f1xx_hal_msp.o
 .debug_line    0x00000000000010c1      0x71b Core/Src/stm32f1xx_it.o
 .debug_line    0x00000000000017dc      0x696 Core/Src/system_stm32f1xx.o
 .debug_line    0x0000000000001e72       0x84 Core/Startup/startup_stm32f103c8tx.o
 .debug_line    0x0000000000001ef6      0x83e Drivers/STM32F1xx_HAL_Driver/Src/stm32f1xx_hal.o
 .debug_line    0x0000000000002734      0xb90 Drivers/STM32F1xx_HAL_Driver/Src/stm32f1xx_hal_adc.o
 .debug_line    0x00000000000032c4      0x917 Drivers/STM32F1xx_HAL_Driver/Src/stm32f1xx_hal_cortex.o
 .debug_line    0x0000000000003bdb      0x83e Drivers/STM32F1xx_HAL_Driver/Src/stm32f1xx_hal_gpio.o
 .debug_line    0x0000000000004419      0xb31 Drivers/STM32F1xx_HAL_Driver/Src/stm32f1xx_hal_pcd.o
 .debug_line    0x0000000000004f4a      0x6b1 Drivers/STM32F1xx_HAL_Driver/Src/stm32f1xx_hal_pcd_ex.o
 .debug_line    0x00000000000055fb      0x900 Drivers/STM32F1xx_HAL_Driver/Src/stm32f1xx_hal_rcc.o
 .debug_line    0x0000000000005efb      0x71e Drivers/STM32F1xx_HAL_Driver/Src/stm32f1xx_hal_rcc_ex.o
 .debug_line    0x0000000000006619      0xb4a Drivers/STM32F1xx_HAL_Driver/Src/stm32f1xx_ll_usb.o
 .debug_line    0x0000000000007163      0xb1c Middlewares/ST/STM32_USB_Device_Library/Class/CDC/Src/usbd_cdc.o
 .debug_line    0x0000000000007c7f      0xb57 Middlewares/ST/STM32_USB_Device_Library/Core/Src/usbd_core.o
 .debug_line    0x00000000000087d6      0xbe0 Middlewares/ST/STM32_USB_Device_Library/Core/Src/usbd_ctlreq.o
 .debug_line    0x00000000000093b6      0x9c0 Middlewares/ST/STM32_USB_Device_Library/Core/Src/usbd_ioreq.o
 .debug_line    0x0000000000009d76      0x9a2 USB_DEVICE/App/usb_device.o
 .debug_line    0x000000000000a718      0x9e7 USB_DEVICE/App/usbd_cdc_if.o
 .debug_line    0x000000000000b0ff      0x9f4 USB_DEVICE/App/usbd_desc.o
 .debug_line    0x000000000000baf3      0xbdd USB_DEVICE/Target/usbd_conf.o

.debug_str      0x0000000000000000    0x72050
 .debug_str     0x0000000000000000    0x6f52e Core/Src/main.o
                                      0x6f97c (size before relaxing)
 .debug_str     0x000000000006f52e       0xbe Core/Src/stm32f1xx_hal_msp.o
                                      0x6a455 (size before relaxing)
 .debug_str     0x000000000006f5ec      0x385 Core/Src/stm32f1xx_it.o
                                      0x6a45d (size before relaxing)
 .debug_str     0x000000000006f971       0xc2 Core/Src/system_stm32f1xx.o
                                      0x6a13a (size before relaxing)
 .debug_str     0x000000000006fa33       0x36 Core/Startup/startup_stm32f103c8tx.o
                                         0x83 (size before relaxing)
 .debug_str     0x000000000006fa69      0x61f Drivers/STM32F1xx_HAL_Driver/Src/stm32f1xx_hal.o
                                      0x6a74b (size before relaxing)
 .debug_str     0x0000000000070088      0x35e Drivers/STM32F1xx_HAL_Driver/Src/stm32f1xx_hal_adc.o
                                      0x6a750 (size before relaxing)
 .debug_str     0x00000000000703e6      0x2a0 Drivers/STM32F1xx_HAL_Driver/Src/stm32f1xx_hal_cortex.o
                                      0x6a759 (size before relaxing)
 .debug_str     0x0000000000070686      0x340 Drivers/STM32F1xx_HAL_Driver/Src/stm32f1xx_hal_gpio.o
                                      0x6a484 (size before relaxing)
 .debug_str     0x00000000000709c6      0x3af Drivers/STM32F1xx_HAL_Driver/Src/stm32f1xx_hal_pcd.o
                                      0x6a76b (size before relaxing)
 .debug_str     0x0000000000070d75      0x18d Drivers/STM32F1xx_HAL_Driver/Src/stm32f1xx_hal_pcd_ex.o
                                      0x6a547 (size before relaxing)
 .debug_str     0x0000000000070f02      0x263 Drivers/STM32F1xx_HAL_Driver/Src/stm32f1xx_hal_rcc.o
                                      0x6a4bd (size before relaxing)
 .debug_str     0x0000000000071165       0xb9 Drivers/STM32F1xx_HAL_Driver/Src/stm32f1xx_hal_rcc_ex.o
                                      0x6a24a (size before relaxing)
 .debug_str     0x000000000007121e      0x304 Drivers/STM32F1xx_HAL_Driver/Src/stm32f1xx_ll_usb.o
                                      0x6a5b1 (size before relaxing)
 .debug_str     0x0000000000071522      0x293 Middlewares/ST/STM32_USB_Device_Library/Class/CDC/Src/usbd_cdc.o
                                      0x6f8b3 (size before relaxing)
 .debug_str     0x00000000000717b5      0x1b5 Middlewares/ST/STM32_USB_Device_Library/Core/Src/usbd_core.o
                                      0x6f1c7 (size before relaxing)
 .debug_str     0x000000000007196a      0x134 Middlewares/ST/STM32_USB_Device_Library/Core/Src/usbd_ctlreq.o
                                      0x6f14d (size before relaxing)
 .debug_str     0x0000000000071a9e       0xc9 Middlewares/ST/STM32_USB_Device_Library/Core/Src/usbd_ioreq.o
                                      0x6f0d5 (size before relaxing)
 .debug_str     0x0000000000071b67       0xc2 USB_DEVICE/App/usb_device.o
                                      0x6f43c (size before relaxing)
 .debug_str     0x0000000000071c29       0x86 USB_DEVICE/App/usbd_cdc_if.o
                                      0x6f4a6 (size before relaxing)
 .debug_str     0x0000000000071caf      0x258 USB_DEVICE/App/usbd_desc.o
                                      0x6f040 (size before relaxing)
 .debug_str     0x0000000000071f07      0x149 USB_DEVICE/Target/usbd_conf.o
                                      0x6fcd9 (size before relaxing)

.comment        0x0000000000000000       0x7b
 .comment       0x0000000000000000       0x7b Core/Src/main.o
                                         0x7c (size before relaxing)
 .comment       0x000000000000007b       0x7c Core/Src/stm32f1xx_hal_msp.o
 .comment       0x000000000000007b       0x7c Core/Src/stm32f1xx_it.o
 .comment       0x000000000000007b       0x7c Core/Src/system_stm32f1xx.o
 .comment       0x000000000000007b       0x7c Drivers/STM32F1xx_HAL_Driver/Src/stm32f1xx_hal.o
 .comment       0x000000000000007b       0x7c Drivers/STM32F1xx_HAL_Driver/Src/stm32f1xx_hal_adc.o
 .comment       0x000000000000007b       0x7c Drivers/STM32F1xx_HAL_Driver/Src/stm32f1xx_hal_cortex.o
 .comment       0x000000000000007b       0x7c Drivers/STM32F1xx_HAL_Driver/Src/stm32f1xx_hal_gpio.o
 .comment       0x000000000000007b       0x7c Drivers/STM32F1xx_HAL_Driver/Src/stm32f1xx_hal_pcd.o
 .comment       0x000000000000007b       0x7c Drivers/STM32F1xx_HAL_Driver/Src/stm32f1xx_hal_pcd_ex.o
 .comment       0x000000000000007b       0x7c Drivers/STM32F1xx_HAL_Driver/Src/stm32f1xx_hal_rcc.o
 .comment       0x000000000000007b       0x7c Drivers/STM32F1xx_HAL_Driver/Src/stm32f1xx_hal_rcc_ex.o
 .comment       0x000000000000007b       0x7c Drivers/STM32F1xx_HAL_Driver/Src/stm32f1xx_ll_usb.o
 .comment       0x000000000000007b       0x7c Middlewares/ST/STM32_USB_Device_Library/Class/CDC/Src/usbd_cdc.o
 .comment       0x000000000000007b       0x7c Middlewares/ST/STM32_USB_Device_Library/Core/Src/usbd_core.o
 .comment       0x000000000000007b       0x7c Middlewares/ST/STM32_USB_Device_Library/Core/Src/usbd_ctlreq.o
 .comment       0x000000000000007b       0x7c Middlewares/ST/STM32_USB_Device_Library/Core/Src/usbd_ioreq.o
 .comment       0x000000000000007b       0x7c USB_DEVICE/App/usb_device.o
 .comment       0x000000000000007b       0x7c USB_DEVICE/App/usbd_cdc_if.o
 .comment       0x000000000000007b       0x7c USB_DEVICE/App/usbd_desc.o
 .comment       0x000000000000007b       0x7c USB_DEVICE/Target/usbd_conf.o

.debug_frame    0x0000000000000000     0x2ccc
 .debug_frame   0x0000000000000000       0xfc Core/Src/main.o
 .debug_frame   0x00000000000000fc       0x80 Core/Src/stm32f1xx_hal_msp.o
 .debug_frame   0x000000000000017c      0x128 Core/Src/stm32f1xx_it.o
 .debug_frame   0x00000000000002a4       0x58 Core/Src/system_stm32f1xx.o
 .debug_frame   0x00000000000002fc      0x334 Drivers/STM32F1xx_HAL_Driver/Src/stm32f1xx_hal.o
 .debug_frame   0x0000000000000630      0x40c Drivers/STM32F1xx_HAL_Driver/Src/stm32f1xx_hal_adc.o
 .debug_frame   0x0000000000000a3c      0x428 Drivers/STM32F1xx_HAL_Driver/Src/stm32f1xx_hal_cortex.o
 .debug_frame   0x0000000000000e64      0x14c Drivers/STM32F1xx_HAL_Driver/Src/stm32f1xx_hal_gpio.o
 .debug_frame   0x0000000000000fb0      0x500 Drivers/STM32F1xx_HAL_Driver/Src/stm32f1xx_hal_pcd.o
 .debug_frame   0x00000000000014b0       0xb0 Drivers/STM32F1xx_HAL_Driver/Src/stm32f1xx_hal_pcd_ex.o
 .debug_frame   0x0000000000001560      0x21c Drivers/STM32F1xx_HAL_Driver/Src/stm32f1xx_hal_rcc.o
 .debug_frame   0x000000000000177c       0x84 Drivers/STM32F1xx_HAL_Driver/Src/stm32f1xx_hal_rcc_ex.o
 .debug_frame   0x0000000000001800      0x4d8 Drivers/STM32F1xx_HAL_Driver/Src/stm32f1xx_ll_usb.o
 .debug_frame   0x0000000000001cd8      0x248 Middlewares/ST/STM32_USB_Device_Library/Class/CDC/Src/usbd_cdc.o
 .debug_frame   0x0000000000001f20      0x300 Middlewares/ST/STM32_USB_Device_Library/Core/Src/usbd_core.o
 .debug_frame   0x0000000000002220      0x218 Middlewares/ST/STM32_USB_Device_Library/Core/Src/usbd_ctlreq.o
 .debug_frame   0x0000000000002438      0x10c Middlewares/ST/STM32_USB_Device_Library/Core/Src/usbd_ioreq.o
 .debug_frame   0x0000000000002544       0x2c USB_DEVICE/App/usb_device.o
 .debug_frame   0x0000000000002570       0xe4 USB_DEVICE/App/usbd_cdc_if.o
 .debug_frame   0x0000000000002654      0x160 USB_DEVICE/App/usbd_desc.o
 .debug_frame   0x00000000000027b4      0x4a4 USB_DEVICE/Target/usbd_conf.o
 .debug_frame   0x0000000000002c58       0x2c c:/st/stm32cubeide_1.3.0/stm32cubeide/plugins/com.st.stm32cube.ide.mcu.externaltools.gnu-tools-for-stm32.7-2018-q2-update.win32_1.0.0.201904181610/tools/bin/../lib/gcc/arm-none-eabi/7.3.1/../../../../arm-none-eabi/lib/thumb/v7-m\libc_nano.a(lib_a-init.o)
 .debug_frame   0x0000000000002c84       0x28 c:/st/stm32cubeide_1.3.0/stm32cubeide/plugins/com.st.stm32cube.ide.mcu.externaltools.gnu-tools-for-stm32.7-2018-q2-update.win32_1.0.0.201904181610/tools/bin/../lib/gcc/arm-none-eabi/7.3.1/../../../../arm-none-eabi/lib/thumb/v7-m\libc_nano.a(lib_a-memcpy-stub.o)
 .debug_frame   0x0000000000002cac       0x20 c:/st/stm32cubeide_1.3.0/stm32cubeide/plugins/com.st.stm32cube.ide.mcu.externaltools.gnu-tools-for-stm32.7-2018-q2-update.win32_1.0.0.201904181610/tools/bin/../lib/gcc/arm-none-eabi/7.3.1/../../../../arm-none-eabi/lib/thumb/v7-m\libc_nano.a(lib_a-memset.o)
