Archive member included to satisfy reference by file (symbol)

c:/st/stm32cubeide_1.3.0/stm32cubeide/plugins/com.st.stm32cube.ide.mcu.externaltools.gnu-tools-for-stm32.7-2018-q2-update.win32_1.0.0.201904181610/tools/bin/../lib/gcc/arm-none-eabi/7.3.1/../../../../arm-none-eabi/lib/thumb/v7e-m/fpv5/hard\libc_nano.a(lib_a-errno.o)
                              Core/Src/syscalls.o (__errno)
c:/st/stm32cubeide_1.3.0/stm32cubeide/plugins/com.st.stm32cube.ide.mcu.externaltools.gnu-tools-for-stm32.7-2018-q2-update.win32_1.0.0.201904181610/tools/bin/../lib/gcc/arm-none-eabi/7.3.1/../../../../arm-none-eabi/lib/thumb/v7e-m/fpv5/hard\libc_nano.a(lib_a-exit.o)
                              c:/st/stm32cubeide_1.3.0/stm32cubeide/plugins/com.st.stm32cube.ide.mcu.externaltools.gnu-tools-for-stm32.7-2018-q2-update.win32_1.0.0.201904181610/tools/bin/../lib/gcc/arm-none-eabi/7.3.1/../../../../arm-none-eabi/lib/thumb/v7e-m/fpv5/hard/crt0.o (exit)
c:/st/stm32cubeide_1.3.0/stm32cubeide/plugins/com.st.stm32cube.ide.mcu.externaltools.gnu-tools-for-stm32.7-2018-q2-update.win32_1.0.0.201904181610/tools/bin/../lib/gcc/arm-none-eabi/7.3.1/../../../../arm-none-eabi/lib/thumb/v7e-m/fpv5/hard\libc_nano.a(lib_a-impure.o)
                              c:/st/stm32cubeide_1.3.0/stm32cubeide/plugins/com.st.stm32cube.ide.mcu.externaltools.gnu-tools-for-stm32.7-2018-q2-update.win32_1.0.0.201904181610/tools/bin/../lib/gcc/arm-none-eabi/7.3.1/../../../../arm-none-eabi/lib/thumb/v7e-m/fpv5/hard\libc_nano.a(lib_a-exit.o) (_global_impure_ptr)
c:/st/stm32cubeide_1.3.0/stm32cubeide/plugins/com.st.stm32cube.ide.mcu.externaltools.gnu-tools-for-stm32.7-2018-q2-update.win32_1.0.0.201904181610/tools/bin/../lib/gcc/arm-none-eabi/7.3.1/../../../../arm-none-eabi/lib/thumb/v7e-m/fpv5/hard\libc_nano.a(lib_a-init.o)
                              c:/st/stm32cubeide_1.3.0/stm32cubeide/plugins/com.st.stm32cube.ide.mcu.externaltools.gnu-tools-for-stm32.7-2018-q2-update.win32_1.0.0.201904181610/tools/bin/../lib/gcc/arm-none-eabi/7.3.1/../../../../arm-none-eabi/lib/thumb/v7e-m/fpv5/hard/crt0.o (__libc_init_array)
c:/st/stm32cubeide_1.3.0/stm32cubeide/plugins/com.st.stm32cube.ide.mcu.externaltools.gnu-tools-for-stm32.7-2018-q2-update.win32_1.0.0.201904181610/tools/bin/../lib/gcc/arm-none-eabi/7.3.1/../../../../arm-none-eabi/lib/thumb/v7e-m/fpv5/hard\libc_nano.a(lib_a-memset.o)
                              c:/st/stm32cubeide_1.3.0/stm32cubeide/plugins/com.st.stm32cube.ide.mcu.externaltools.gnu-tools-for-stm32.7-2018-q2-update.win32_1.0.0.201904181610/tools/bin/../lib/gcc/arm-none-eabi/7.3.1/../../../../arm-none-eabi/lib/thumb/v7e-m/fpv5/hard/crt0.o (memset)

Allocating common symbols
Common symbol       size              file

uwTick              0x4               Drivers/STM32H7xx_HAL_Driver/Src/stm32h7xx_hal.o
pFlash              0x1c              Drivers/STM32H7xx_HAL_Driver/Src/stm32h7xx_hal_flash.o

Discarded input sections

 .text          0x0000000000000000        0x0 c:/st/stm32cubeide_1.3.0/stm32cubeide/plugins/com.st.stm32cube.ide.mcu.externaltools.gnu-tools-for-stm32.7-2018-q2-update.win32_1.0.0.201904181610/tools/bin/../lib/gcc/arm-none-eabi/7.3.1/thumb/v7e-m/fpv5/hard/crti.o
 .data          0x0000000000000000        0x0 c:/st/stm32cubeide_1.3.0/stm32cubeide/plugins/com.st.stm32cube.ide.mcu.externaltools.gnu-tools-for-stm32.7-2018-q2-update.win32_1.0.0.201904181610/tools/bin/../lib/gcc/arm-none-eabi/7.3.1/thumb/v7e-m/fpv5/hard/crti.o
 .bss           0x0000000000000000        0x0 c:/st/stm32cubeide_1.3.0/stm32cubeide/plugins/com.st.stm32cube.ide.mcu.externaltools.gnu-tools-for-stm32.7-2018-q2-update.win32_1.0.0.201904181610/tools/bin/../lib/gcc/arm-none-eabi/7.3.1/thumb/v7e-m/fpv5/hard/crti.o
 .data          0x0000000000000000        0x4 c:/st/stm32cubeide_1.3.0/stm32cubeide/plugins/com.st.stm32cube.ide.mcu.externaltools.gnu-tools-for-stm32.7-2018-q2-update.win32_1.0.0.201904181610/tools/bin/../lib/gcc/arm-none-eabi/7.3.1/thumb/v7e-m/fpv5/hard/crtbegin.o
 .text          0x0000000000000000       0x74 c:/st/stm32cubeide_1.3.0/stm32cubeide/plugins/com.st.stm32cube.ide.mcu.externaltools.gnu-tools-for-stm32.7-2018-q2-update.win32_1.0.0.201904181610/tools/bin/../lib/gcc/arm-none-eabi/7.3.1/../../../../arm-none-eabi/lib/thumb/v7e-m/fpv5/hard/crt0.o
 .data          0x0000000000000000        0x0 c:/st/stm32cubeide_1.3.0/stm32cubeide/plugins/com.st.stm32cube.ide.mcu.externaltools.gnu-tools-for-stm32.7-2018-q2-update.win32_1.0.0.201904181610/tools/bin/../lib/gcc/arm-none-eabi/7.3.1/../../../../arm-none-eabi/lib/thumb/v7e-m/fpv5/hard/crt0.o
 .bss           0x0000000000000000        0x0 c:/st/stm32cubeide_1.3.0/stm32cubeide/plugins/com.st.stm32cube.ide.mcu.externaltools.gnu-tools-for-stm32.7-2018-q2-update.win32_1.0.0.201904181610/tools/bin/../lib/gcc/arm-none-eabi/7.3.1/../../../../arm-none-eabi/lib/thumb/v7e-m/fpv5/hard/crt0.o
[...]
Memory Configuration

Name             Origin             Length             Attributes
DTCMRAM          0x0000000020000000 0x0000000000020000 xrw
ITCMRAM          0x0000000000000000 0x0000000000010000 xrw
RAM_D1           0x0000000024000000 0x0000000000080000 xrw
RAM_D2           0x0000000030000000 0x0000000000048000 xrw
RAM_D3           0x0000000038000000 0x0000000000010000 xrw
FLASH            0x0000000008000000 0x0000000000200000 xr
*default*        0x0000000000000000 0xffffffffffffffff

Linker script and memory map

LOAD c:/st/stm32cubeide_1.3.0/stm32cubeide/plugins/com.st.stm32cube.ide.mcu.externaltools.gnu-tools-for-stm32.7-2018-q2-update.win32_1.0.0.201904181610/tools/bin/../lib/gcc/arm-none-eabi/7.3.1/thumb/v7e-m/fpv5/hard/crti.o
LOAD c:/st/stm32cubeide_1.3.0/stm32cubeide/plugins/com.st.stm32cube.ide.mcu.externaltools.gnu-tools-for-stm32.7-2018-q2-update.win32_1.0.0.201904181610/tools/bin/../lib/gcc/arm-none-eabi/7.3.1/thumb/v7e-m/fpv5/hard/crtbegin.o
LOAD c:/st/stm32cubeide_1.3.0/stm32cubeide/plugins/com.st.stm32cube.ide.mcu.externaltools.gnu-tools-for-stm32.7-2018-q2-update.win32_1.0.0.201904181610/tools/bin/../lib/gcc/arm-none-eabi/7.3.1/../../../../arm-none-eabi/lib/thumb/v7e-m/fpv5/hard/crt0.o
LOAD Core/Src/main.o
LOAD Core/Src/stm32h7xx_hal_msp.o
LOAD Core/Src/stm32h7xx_it.o
LOAD Core/Src/syscalls.o
LOAD Core/Src/sysmem.o
LOAD Core/Src/system_stm32h7xx.o
LOAD Core/Startup/startup_stm32h743vitx.o
LOAD Drivers/STM32H7xx_HAL_Driver/Src/stm32h7xx_hal.o
LOAD Drivers/STM32H7xx_HAL_Driver/Src/stm32h7xx_hal_cortex.o
LOAD Drivers/STM32H7xx_HAL_Driver/Src/stm32h7xx_hal_dma.o
LOAD Drivers/STM32H7xx_HAL_Driver/Src/stm32h7xx_hal_dma_ex.o
LOAD Drivers/STM32H7xx_HAL_Driver/Src/stm32h7xx_hal_exti.o
LOAD Drivers/STM32H7xx_HAL_Driver/Src/stm32h7xx_hal_flash.o
LOAD Drivers/STM32H7xx_HAL_Driver/Src/stm32h7xx_hal_flash_ex.o
LOAD Drivers/STM32H7xx_HAL_Driver/Src/stm32h7xx_hal_gpio.o
LOAD Drivers/STM32H7xx_HAL_Driver/Src/stm32h7xx_hal_hsem.o
LOAD Drivers/STM32H7xx_HAL_Driver/Src/stm32h7xx_hal_i2c.o
LOAD Drivers/STM32H7xx_HAL_Driver/Src/stm32h7xx_hal_i2c_ex.o
LOAD Drivers/STM32H7xx_HAL_Driver/Src/stm32h7xx_hal_mdma.o
LOAD Drivers/STM32H7xx_HAL_Driver/Src/stm32h7xx_hal_pwr.o
LOAD Drivers/STM32H7xx_HAL_Driver/Src/stm32h7xx_hal_pwr_ex.o
LOAD Drivers/STM32H7xx_HAL_Driver/Src/stm32h7xx_hal_rcc.o
LOAD Drivers/STM32H7xx_HAL_Driver/Src/stm32h7xx_hal_rcc_ex.o
LOAD Drivers/STM32H7xx_HAL_Driver/Src/stm32h7xx_hal_tim.o
LOAD Drivers/STM32H7xx_HAL_Driver/Src/stm32h7xx_hal_tim_ex.o
START GROUP
LOAD c:/st/stm32cubeide_1.3.0/stm32cubeide/plugins/com.st.stm32cube.ide.mcu.externaltools.gnu-tools-for-stm32.7-2018-q2-update.win32_1.0.0.201904181610/tools/bin/../lib/gcc/arm-none-eabi/7.3.1/../../../../arm-none-eabi/lib/thumb/v7e-m/fpv5/hard\libc_nano.a
LOAD c:/st/stm32cubeide_1.3.0/stm32cubeide/plugins/com.st.stm32cube.ide.mcu.externaltools.gnu-tools-for-stm32.7-2018-q2-update.win32_1.0.0.201904181610/tools/bin/../lib/gcc/arm-none-eabi/7.3.1/../../../../arm-none-eabi/lib/thumb/v7e-m/fpv5/hard\libm.a
END GROUP
START GROUP
LOAD c:/st/stm32cubeide_1.3.0/stm32cubeide/plugins/com.st.stm32cube.ide.mcu.externaltools.gnu-tools-for-stm32.7-2018-q2-update.win32_1.0.0.201904181610/tools/bin/../lib/gcc/arm-none-eabi/7.3.1/thumb/v7e-m/fpv5/hard\libgcc.a
LOAD c:/st/stm32cubeide_1.3.0/stm32cubeide/plugins/com.st.stm32cube.ide.mcu.externaltools.gnu-tools-for-stm32.7-2018-q2-update.win32_1.0.0.201904181610/tools/bin/../lib/gcc/arm-none-eabi/7.3.1/../../../../arm-none-eabi/lib/thumb/v7e-m/fpv5/hard\libc_nano.a
END GROUP
START GROUP
LOAD c:/st/stm32cubeide_1.3.0/stm32cubeide/plugins/com.st.stm32cube.ide.mcu.externaltools.gnu-tools-for-stm32.7-2018-q2-update.win32_1.0.0.201904181610/tools/bin/../lib/gcc/arm-none-eabi/7.3.1/thumb/v7e-m/fpv5/hard\libgcc.a
LOAD c:/st/stm32cubeide_1.3.0/stm32cubeide/plugins/com.st.stm32cube.ide.mcu.externaltools.gnu-tools-for-stm32.7-2018-q2-update.win32_1.0.0.201904181610/tools/bin/../lib/gcc/arm-none-eabi/7.3.1/../../../../arm-none-eabi/lib/thumb/v7e-m/fpv5/hard\libc_nano.a
LOAD c:/st/stm32cubeide_1.3.0/stm32cubeide/plugins/com.st.stm32cube.ide.mcu.externaltools.gnu-tools-for-stm32.7-2018-q2-update.win32_1.0.0.201904181610/tools/bin/../lib/gcc/arm-none-eabi/7.3.1/../../../../arm-none-eabi/lib/thumb/v7e-m/fpv5/hard\libnosys.a
END GROUP
START GROUP
LOAD c:/st/stm32cubeide_1.3.0/stm32cubeide/plugins/com.st.stm32cube.ide.mcu.externaltools.gnu-tools-for-stm32.7-2018-q2-update.win32_1.0.0.201904181610/tools/bin/../lib/gcc/arm-none-eabi/7.3.1/thumb/v7e-m/fpv5/hard\libgcc.a
LOAD c:/st/stm32cubeide_1.3.0/stm32cubeide/plugins/com.st.stm32cube.ide.mcu.externaltools.gnu-tools-for-stm32.7-2018-q2-update.win32_1.0.0.201904181610/tools/bin/../lib/gcc/arm-none-eabi/7.3.1/../../../../arm-none-eabi/lib/thumb/v7e-m/fpv5/hard\libc_nano.a
LOAD c:/st/stm32cubeide_1.3.0/stm32cubeide/plugins/com.st.stm32cube.ide.mcu.externaltools.gnu-tools-for-stm32.7-2018-q2-update.win32_1.0.0.201904181610/tools/bin/../lib/gcc/arm-none-eabi/7.3.1/../../../../arm-none-eabi/lib/thumb/v7e-m/fpv5/hard\libnosys.a
END GROUP
LOAD c:/st/stm32cubeide_1.3.0/stm32cubeide/plugins/com.st.stm32cube.ide.mcu.externaltools.gnu-tools-for-stm32.7-2018-q2-update.win32_1.0.0.201904181610/tools/bin/../lib/gcc/arm-none-eabi/7.3.1/thumb/v7e-m/fpv5/hard/crtend.o
LOAD c:/st/stm32cubeide_1.3.0/stm32cubeide/plugins/com.st.stm32cube.ide.mcu.externaltools.gnu-tools-for-stm32.7-2018-q2-update.win32_1.0.0.201904181610/tools/bin/../lib/gcc/arm-none-eabi/7.3.1/thumb/v7e-m/fpv5/hard/crtn.o
                0x0000000024080000                _estack = (ORIGIN (RAM_D1) + LENGTH (RAM_D1))
                0x0000000000000200                _Min_Heap_Size = 0x200
                0x0000000000000400                _Min_Stack_Size = 0x400

.isr_vector     0x0000000008000000      0x298
                0x0000000008000000                . = ALIGN (0x4)
 *(.isr_vector)
 .isr_vector    0x0000000008000000      0x298 Core/Startup/startup_stm32h743vitx.o
                0x0000000008000000                g_pfnVectors
                0x0000000008000298                . = ALIGN (0x4)

.text           0x0000000008000298     0x1aa0
                0x0000000008000298                . = ALIGN (0x4)
 *(.text)
 .text          0x0000000008000298       0x40 c:/st/stm32cubeide_1.3.0/stm32cubeide/plugins/com.st.stm32cube.ide.mcu.externaltools.gnu-tools-for-stm32.7-2018-q2-update.win32_1.0.0.201904181610/tools/bin/../lib/gcc/arm-none-eabi/7.3.1/thumb/v7e-m/fpv5/hard/crtbegin.o
 *(.text*)
 .text.main     0x00000000080002d8       0x20 Core/Src/main.o
                0x00000000080002d8                main
 .text.SystemClock_Config
                0x00000000080002f8      0x160 Core/Src/main.o
                0x00000000080002f8                SystemClock_Config
 .text.MX_GPIO_Init
                0x0000000008000458       0xcc Core/Src/main.o
 .text.Error_Handler
                0x0000000008000524        0xe Core/Src/main.o
                0x0000000008000524                Error_Handler
 *fill*         0x0000000008000532        0x2 
 .text.HAL_MspInit
                0x0000000008000534       0x34 Core/Src/stm32h7xx_hal_msp.o
                0x0000000008000534                HAL_MspInit
 .text.NMI_Handler
                0x0000000008000568        0xe Core/Src/stm32h7xx_it.o
                0x0000000008000568                NMI_Handler
 .text.HardFault_Handler
                0x0000000008000576        0x6 Core/Src/stm32h7xx_it.o
                0x0000000008000576                HardFault_Handler
 .text.MemManage_Handler
                0x000000000800057c        0x6 Core/Src/stm32h7xx_it.o
                0x000000000800057c                MemManage_Handler
 .text.BusFault_Handler
                0x0000000008000582        0x6 Core/Src/stm32h7xx_it.o
                0x0000000008000582                BusFault_Handler
 .text.UsageFault_Handler
                0x0000000008000588        0x6 Core/Src/stm32h7xx_it.o
                0x0000000008000588                UsageFault_Handler
 .text.SVC_Handler
                0x000000000800058e        0xe Core/Src/stm32h7xx_it.o
                0x000000000800058e                SVC_Handler
 .text.DebugMon_Handler
                0x000000000800059c        0xe Core/Src/stm32h7xx_it.o
                0x000000000800059c                DebugMon_Handler
 .text.PendSV_Handler
                0x00000000080005aa        0xe Core/Src/stm32h7xx_it.o
                0x00000000080005aa                PendSV_Handler
 .text.SysTick_Handler
                0x00000000080005b8        0xc Core/Src/stm32h7xx_it.o
                0x00000000080005b8                SysTick_Handler
 .text.SystemInit
                0x00000000080005c4       0xc4 Core/Src/system_stm32h7xx.o
                0x00000000080005c4                SystemInit
 .text.Reset_Handler
                0x0000000008000688       0x50 Core/Startup/startup_stm32h743vitx.o
                0x0000000008000688                Reset_Handler
 .text.Default_Handler
                0x00000000080006d8        0x2 Core/Startup/startup_stm32h743vitx.o
                0x00000000080006d8                RTC_Alarm_IRQHandler
                0x00000000080006d8                EXTI2_IRQHandler
                0x00000000080006d8                TIM8_CC_IRQHandler
                0x00000000080006d8                HRTIM1_Master_IRQHandler
                0x00000000080006d8                UART8_IRQHandler
                0x00000000080006d8                SPI4_IRQHandler
                0x00000000080006d8                TIM1_CC_IRQHandler
                0x00000000080006d8                BDMA_Channel6_IRQHandler
                0x00000000080006d8                DMA2_Stream5_IRQHandler
                0x00000000080006d8                HRTIM1_FLT_IRQHandler
                0x00000000080006d8                JPEG_IRQHandler
                0x00000000080006d8                DMA1_Stream5_IRQHandler
                0x00000000080006d8                BDMA_Channel1_IRQHandler
                0x00000000080006d8                HRTIM1_TIMD_IRQHandler
                0x00000000080006d8                TAMP_STAMP_IRQHandler
                0x00000000080006d8                EXTI3_IRQHandler
                0x00000000080006d8                LPTIM4_IRQHandler
                0x00000000080006d8                TIM8_TRG_COM_TIM14_IRQHandler
                0x00000000080006d8                LPTIM2_IRQHandler
                0x00000000080006d8                DFSDM1_FLT1_IRQHandler
                0x00000000080006d8                DMAMUX2_OVR_IRQHandler
                0x00000000080006d8                TIM8_UP_TIM13_IRQHandler
                0x00000000080006d8                I2C3_ER_IRQHandler
                0x00000000080006d8                DFSDM1_FLT2_IRQHandler
                0x00000000080006d8                MDMA_IRQHandler
                0x00000000080006d8                LPTIM3_IRQHandler
                0x00000000080006d8                HSEM1_IRQHandler
                0x00000000080006d8                EXTI0_IRQHandler
                0x00000000080006d8                I2C2_EV_IRQHandler
                0x00000000080006d8                DMA1_Stream2_IRQHandler
                0x00000000080006d8                FPU_IRQHandler
                0x00000000080006d8                OTG_HS_WKUP_IRQHandler
                0x00000000080006d8                FDCAN1_IT1_IRQHandler
                0x00000000080006d8                LTDC_ER_IRQHandler
                0x00000000080006d8                DMA2_Stream2_IRQHandler
                0x00000000080006d8                HRTIM1_TIME_IRQHandler
                0x00000000080006d8                SPI1_IRQHandler
                0x00000000080006d8                TIM6_DAC_IRQHandler
                0x00000000080006d8                DCMI_IRQHandler
                0x00000000080006d8                HRTIM1_TIMC_IRQHandler
                0x00000000080006d8                DMA2_Stream3_IRQHandler
                0x00000000080006d8                SAI2_IRQHandler
                0x00000000080006d8                DFSDM1_FLT3_IRQHandler
                0x00000000080006d8                USART6_IRQHandler
                0x00000000080006d8                TIM17_IRQHandler
                0x00000000080006d8                USART3_IRQHandler
                0x00000000080006d8                BDMA_Channel7_IRQHandler
                0x00000000080006d8                LPTIM5_IRQHandler
                0x00000000080006d8                UART5_IRQHandler
                0x00000000080006d8                ADC3_IRQHandler
                0x00000000080006d8                DMA2_Stream0_IRQHandler
                0x00000000080006d8                TIM4_IRQHandler
                0x00000000080006d8                BDMA_Channel2_IRQHandler
                0x00000000080006d8                QUADSPI_IRQHandler
                0x00000000080006d8                I2C1_EV_IRQHandler
                0x00000000080006d8                DMA1_Stream6_IRQHandler
                0x00000000080006d8                DMAMUX1_OVR_IRQHandler
                0x00000000080006d8                DMA1_Stream1_IRQHandler
                0x00000000080006d8                TIM16_IRQHandler
                0x00000000080006d8                UART4_IRQHandler
                0x00000000080006d8                BDMA_Channel5_IRQHandler
                0x00000000080006d8                TIM3_IRQHandler
                0x00000000080006d8                RCC_IRQHandler
                0x00000000080006d8                TIM8_BRK_TIM12_IRQHandler
                0x00000000080006d8                TIM1_TRG_COM_IRQHandler
                0x00000000080006d8                Default_Handler
                0x00000000080006d8                ECC_IRQHandler
                0x00000000080006d8                CEC_IRQHandler
                0x00000000080006d8                EXTI15_10_IRQHandler
                0x00000000080006d8                BDMA_Channel0_IRQHandler
                0x00000000080006d8                ADC_IRQHandler
                0x00000000080006d8                DMA1_Stream7_IRQHandler
                0x00000000080006d8                HRTIM1_TIMA_IRQHandler
                0x00000000080006d8                SPI5_IRQHandler
                0x00000000080006d8                TIM7_IRQHandler
                0x00000000080006d8                SDMMC1_IRQHandler
                0x00000000080006d8                TIM5_IRQHandler
                0x00000000080006d8                DMA2_Stream7_IRQHandler
                0x00000000080006d8                TIM15_IRQHandler
                0x00000000080006d8                PVD_AVD_IRQHandler
                0x00000000080006d8                I2C3_EV_IRQHandler
                0x00000000080006d8                EXTI9_5_IRQHandler
                0x00000000080006d8                RTC_WKUP_IRQHandler
                0x00000000080006d8                LTDC_IRQHandler
                0x00000000080006d8                SAI3_IRQHandler
                0x00000000080006d8                ETH_WKUP_IRQHandler
                0x00000000080006d8                SPDIF_RX_IRQHandler
                0x00000000080006d8                SPI2_IRQHandler
                0x00000000080006d8                OTG_HS_EP1_IN_IRQHandler
                0x00000000080006d8                DMA1_Stream0_IRQHandler
                0x00000000080006d8                CRS_IRQHandler
                0x00000000080006d8                EXTI4_IRQHandler
                0x00000000080006d8                RNG_IRQHandler
                0x00000000080006d8                HRTIM1_TIMB_IRQHandler
                0x00000000080006d8                FDCAN2_IT1_IRQHandler
                0x00000000080006d8                ETH_IRQHandler
                0x00000000080006d8                TIM1_UP_IRQHandler
                0x00000000080006d8                BDMA_Channel4_IRQHandler
                0x00000000080006d8                OTG_HS_EP1_OUT_IRQHandler
                0x00000000080006d8                WWDG_IRQHandler
                0x00000000080006d8                SPI6_IRQHandler
                0x00000000080006d8                MDIOS_IRQHandler
                0x00000000080006d8                I2C4_EV_IRQHandler
                0x00000000080006d8                FDCAN2_IT0_IRQHandler
                0x00000000080006d8                LPUART1_IRQHandler
                0x00000000080006d8                FDCAN1_IT0_IRQHandler
                0x00000000080006d8                TIM2_IRQHandler
                0x00000000080006d8                OTG_FS_WKUP_IRQHandler
                0x00000000080006d8                OTG_HS_IRQHandler
                0x00000000080006d8                DMA2D_IRQHandler
                0x00000000080006d8                TIM1_BRK_IRQHandler
                0x00000000080006d8                EXTI1_IRQHandler
                0x00000000080006d8                SDMMC2_IRQHandler
                0x00000000080006d8                OTG_FS_EP1_OUT_IRQHandler
                0x00000000080006d8                BDMA_Channel3_IRQHandler
                0x00000000080006d8                UART7_IRQHandler
                0x00000000080006d8                MDIOS_WKUP_IRQHandler
                0x00000000080006d8                USART2_IRQHandler
                0x00000000080006d8                DFSDM1_FLT0_IRQHandler
                0x00000000080006d8                SAI4_IRQHandler
                0x00000000080006d8                I2C2_ER_IRQHandler
                0x00000000080006d8                DMA2_Stream1_IRQHandler
                0x00000000080006d8                FLASH_IRQHandler
                0x00000000080006d8                DMA2_Stream4_IRQHandler
                0x00000000080006d8                USART1_IRQHandler
                0x00000000080006d8                OTG_FS_IRQHandler
                0x00000000080006d8                SPI3_IRQHandler
                0x00000000080006d8                WAKEUP_PIN_IRQHandler
                0x00000000080006d8                DMA1_Stream4_IRQHandler
                0x00000000080006d8                OTG_FS_EP1_IN_IRQHandler
                0x00000000080006d8                I2C1_ER_IRQHandler
                0x00000000080006d8                FMC_IRQHandler
                0x00000000080006d8                FDCAN_CAL_IRQHandler
                0x00000000080006d8                SWPMI1_IRQHandler
                0x00000000080006d8                COMP1_IRQHandler
                0x00000000080006d8                LPTIM1_IRQHandler
                0x00000000080006d8                I2C4_ER_IRQHandler
                0x00000000080006d8                DMA2_Stream6_IRQHandler
                0x00000000080006d8                SAI1_IRQHandler
                0x00000000080006d8                DMA1_Stream3_IRQHandler
 *fill*         0x00000000080006da        0x2 
 .text.HAL_Init
                0x00000000080006dc       0x78 Drivers/STM32H7xx_HAL_Driver/Src/stm32h7xx_hal.o
                0x00000000080006dc                HAL_Init
 .text.HAL_InitTick
                0x0000000008000754       0x6c Drivers/STM32H7xx_HAL_Driver/Src/stm32h7xx_hal.o
                0x0000000008000754                HAL_InitTick
 .text.HAL_IncTick
                0x00000000080007c0       0x28 Drivers/STM32H7xx_HAL_Driver/Src/stm32h7xx_hal.o
                0x00000000080007c0                HAL_IncTick
 .text.HAL_GetTick
                0x00000000080007e8       0x18 Drivers/STM32H7xx_HAL_Driver/Src/stm32h7xx_hal.o
                0x00000000080007e8                HAL_GetTick
 .text.HAL_GetREVID
                0x0000000008000800       0x18 Drivers/STM32H7xx_HAL_Driver/Src/stm32h7xx_hal.o
                0x0000000008000800                HAL_GetREVID
 .text.__NVIC_SetPriorityGrouping
                0x0000000008000818       0x48 Drivers/STM32H7xx_HAL_Driver/Src/stm32h7xx_hal_cortex.o
 .text.__NVIC_GetPriorityGrouping
                0x0000000008000860       0x1c Drivers/STM32H7xx_HAL_Driver/Src/stm32h7xx_hal_cortex.o
 .text.__NVIC_SetPriority
                0x000000000800087c       0x54 Drivers/STM32H7xx_HAL_Driver/Src/stm32h7xx_hal_cortex.o
 .text.NVIC_EncodePriority
                0x00000000080008d0       0x66 Drivers/STM32H7xx_HAL_Driver/Src/stm32h7xx_hal_cortex.o
 *fill*         0x0000000008000936        0x2 
 .text.SysTick_Config
                0x0000000008000938       0x44 Drivers/STM32H7xx_HAL_Driver/Src/stm32h7xx_hal_cortex.o
 .text.HAL_NVIC_SetPriorityGrouping
                0x000000000800097c       0x16 Drivers/STM32H7xx_HAL_Driver/Src/stm32h7xx_hal_cortex.o
                0x000000000800097c                HAL_NVIC_SetPriorityGrouping
 .text.HAL_NVIC_SetPriority
                0x0000000008000992       0x34 Drivers/STM32H7xx_HAL_Driver/Src/stm32h7xx_hal_cortex.o
                0x0000000008000992                HAL_NVIC_SetPriority
 .text.HAL_SYSTICK_Config
                0x00000000080009c6       0x18 Drivers/STM32H7xx_HAL_Driver/Src/stm32h7xx_hal_cortex.o
                0x00000000080009c6                HAL_SYSTICK_Config
 *fill*         0x00000000080009de        0x2 
 .text.HAL_GPIO_Init
                0x00000000080009e0      0x360 Drivers/STM32H7xx_HAL_Driver/Src/stm32h7xx_hal_gpio.o
                0x00000000080009e0                HAL_GPIO_Init
 .text.HAL_GPIO_WritePin
                0x0000000008000d40       0x32 Drivers/STM32H7xx_HAL_Driver/Src/stm32h7xx_hal_gpio.o
                0x0000000008000d40                HAL_GPIO_WritePin
 .text.HAL_GPIO_TogglePin
                0x0000000008000d72       0x36 Drivers/STM32H7xx_HAL_Driver/Src/stm32h7xx_hal_gpio.o
                0x0000000008000d72                HAL_GPIO_TogglePin
 .text.HAL_PWREx_ConfigSupply
                0x0000000008000da8       0x74 Drivers/STM32H7xx_HAL_Driver/Src/stm32h7xx_hal_pwr_ex.o
                0x0000000008000da8                HAL_PWREx_ConfigSupply
 .text.HAL_RCC_OscConfig
                0x0000000008000e1c      0x7b0 Drivers/STM32H7xx_HAL_Driver/Src/stm32h7xx_hal_rcc.o
                0x0000000008000e1c                HAL_RCC_OscConfig
 .text.HAL_RCC_ClockConfig
                0x00000000080015cc      0x36c Drivers/STM32H7xx_HAL_Driver/Src/stm32h7xx_hal_rcc.o
                0x00000000080015cc                HAL_RCC_ClockConfig
 .text.HAL_RCC_GetSysClockFreq
                0x0000000008001938      0x2e4 Drivers/STM32H7xx_HAL_Driver/Src/stm32h7xx_hal_rcc.o
                0x0000000008001938                HAL_RCC_GetSysClockFreq
 .text.HAL_RCCEx_CRSConfig
                0x0000000008001c1c       0xac Drivers/STM32H7xx_HAL_Driver/Src/stm32h7xx_hal_rcc_ex.o
                0x0000000008001c1c                HAL_RCCEx_CRSConfig
 .text.__libc_init_array
                0x0000000008001cc8       0x48 c:/st/stm32cubeide_1.3.0/stm32cubeide/plugins/com.st.stm32cube.ide.mcu.externaltools.gnu-tools-for-stm32.7-2018-q2-update.win32_1.0.0.201904181610/tools/bin/../lib/gcc/arm-none-eabi/7.3.1/../../../../arm-none-eabi/lib/thumb/v7e-m/fpv5/hard\libc_nano.a(lib_a-init.o)
                0x0000000008001cc8                __libc_init_array
 .text.memset   0x0000000008001d10       0x10 c:/st/stm32cubeide_1.3.0/stm32cubeide/plugins/com.st.stm32cube.ide.mcu.externaltools.gnu-tools-for-stm32.7-2018-q2-update.win32_1.0.0.201904181610/tools/bin/../lib/gcc/arm-none-eabi/7.3.1/../../../../arm-none-eabi/lib/thumb/v7e-m/fpv5/hard\libc_nano.a(lib_a-memset.o)
                0x0000000008001d10                memset
 *(.glue_7)
 .glue_7        0x0000000008001d20        0x0 linker stubs
 *(.glue_7t)
 .glue_7t       0x0000000008001d20        0x0 linker stubs
 *(.eh_frame)
 .eh_frame      0x0000000008001d20        0x0 c:/st/stm32cubeide_1.3.0/stm32cubeide/plugins/com.st.stm32cube.ide.mcu.externaltools.gnu-tools-for-stm32.7-2018-q2-update.win32_1.0.0.201904181610/tools/bin/../lib/gcc/arm-none-eabi/7.3.1/thumb/v7e-m/fpv5/hard/crtbegin.o
 *(.init)
 .init          0x0000000008001d20        0x4 c:/st/stm32cubeide_1.3.0/stm32cubeide/plugins/com.st.stm32cube.ide.mcu.externaltools.gnu-tools-for-stm32.7-2018-q2-update.win32_1.0.0.201904181610/tools/bin/../lib/gcc/arm-none-eabi/7.3.1/thumb/v7e-m/fpv5/hard/crti.o
                0x0000000008001d20                _init
 .init          0x0000000008001d24        0x8 c:/st/stm32cubeide_1.3.0/stm32cubeide/plugins/com.st.stm32cube.ide.mcu.externaltools.gnu-tools-for-stm32.7-2018-q2-update.win32_1.0.0.201904181610/tools/bin/../lib/gcc/arm-none-eabi/7.3.1/thumb/v7e-m/fpv5/hard/crtn.o
 *(.fini)
 .fini          0x0000000008001d2c        0x4 c:/st/stm32cubeide_1.3.0/stm32cubeide/plugins/com.st.stm32cube.ide.mcu.externaltools.gnu-tools-for-stm32.7-2018-q2-update.win32_1.0.0.201904181610/tools/bin/../lib/gcc/arm-none-eabi/7.3.1/thumb/v7e-m/fpv5/hard/crti.o
                0x0000000008001d2c                _fini
 .fini          0x0000000008001d30        0x8 c:/st/stm32cubeide_1.3.0/stm32cubeide/plugins/com.st.stm32cube.ide.mcu.externaltools.gnu-tools-for-stm32.7-2018-q2-update.win32_1.0.0.201904181610/tools/bin/../lib/gcc/arm-none-eabi/7.3.1/thumb/v7e-m/fpv5/hard/crtn.o
                0x0000000008001d38                . = ALIGN (0x4)
                0x0000000008001d38                _etext = .

.vfp11_veneer   0x0000000008001d38        0x0
 .vfp11_veneer  0x0000000008001d38        0x0 linker stubs

.v4_bx          0x0000000008001d38        0x0
 .v4_bx         0x0000000008001d38        0x0 linker stubs

.iplt           0x0000000008001d38        0x0
 .iplt          0x0000000008001d38        0x0 c:/st/stm32cubeide_1.3.0/stm32cubeide/plugins/com.st.stm32cube.ide.mcu.externaltools.gnu-tools-for-stm32.7-2018-q2-update.win32_1.0.0.201904181610/tools/bin/../lib/gcc/arm-none-eabi/7.3.1/thumb/v7e-m/fpv5/hard/crtbegin.o

.rodata         0x0000000008001d38       0x10
                0x0000000008001d38                . = ALIGN (0x4)
 *(.rodata)
 *(.rodata*)
 .rodata.D1CorePrescTable
                0x0000000008001d38       0x10 Core/Src/system_stm32h7xx.o
                0x0000000008001d38                D1CorePrescTable
                0x0000000008001d48                . = ALIGN (0x4)

.rel.dyn        0x0000000008001d48        0x0
 .rel.iplt      0x0000000008001d48        0x0 c:/st/stm32cubeide_1.3.0/stm32cubeide/plugins/com.st.stm32cube.ide.mcu.externaltools.gnu-tools-for-stm32.7-2018-q2-update.win32_1.0.0.201904181610/tools/bin/../lib/gcc/arm-none-eabi/7.3.1/thumb/v7e-m/fpv5/hard/crtbegin.o

.ARM.extab      0x0000000008001d48        0x0
                0x0000000008001d48                . = ALIGN (0x4)
 *(.ARM.extab* .gnu.linkonce.armextab.*)
                0x0000000008001d48                . = ALIGN (0x4)

.ARM            0x0000000008001d48        0x0
                0x0000000008001d48                . = ALIGN (0x4)
                0x0000000008001d48                __exidx_start = .
 *(.ARM.exidx*)
                0x0000000008001d48                __exidx_end = .
                0x0000000008001d48                . = ALIGN (0x4)

.preinit_array  0x0000000008001d48        0x0
                0x0000000008001d48                . = ALIGN (0x4)
                0x0000000008001d48                PROVIDE (__preinit_array_start = .)
 *(.preinit_array*)
                0x0000000008001d48                PROVIDE (__preinit_array_end = .)
                0x0000000008001d48                . = ALIGN (0x4)

.init_array     0x0000000008001d48        0x4
                0x0000000008001d48                . = ALIGN (0x4)
                0x0000000008001d48                PROVIDE (__init_array_start = .)
 *(SORT_BY_NAME(.init_array.*))
 *(.init_array*)
 .init_array    0x0000000008001d48        0x4 c:/st/stm32cubeide_1.3.0/stm32cubeide/plugins/com.st.stm32cube.ide.mcu.externaltools.gnu-tools-for-stm32.7-2018-q2-update.win32_1.0.0.201904181610/tools/bin/../lib/gcc/arm-none-eabi/7.3.1/thumb/v7e-m/fpv5/hard/crtbegin.o
                0x0000000008001d4c                PROVIDE (__init_array_end = .)
                0x0000000008001d4c                . = ALIGN (0x4)

.fini_array     0x0000000008001d4c        0x4
                0x0000000008001d4c                . = ALIGN (0x4)
                [!provide]                        PROVIDE (__fini_array_start = .)
 *(SORT_BY_NAME(.fini_array.*))
 *(.fini_array*)
 .fini_array    0x0000000008001d4c        0x4 c:/st/stm32cubeide_1.3.0/stm32cubeide/plugins/com.st.stm32cube.ide.mcu.externaltools.gnu-tools-for-stm32.7-2018-q2-update.win32_1.0.0.201904181610/tools/bin/../lib/gcc/arm-none-eabi/7.3.1/thumb/v7e-m/fpv5/hard/crtbegin.o
                [!provide]                        PROVIDE (__fini_array_end = .)
                0x0000000008001d50                . = ALIGN (0x4)
                0x0000000008001d50                _sidata = LOADADDR (.data)

.data           0x0000000024000000       0x10 load address 0x0000000008001d50
                0x0000000024000000                . = ALIGN (0x4)
                0x0000000024000000                _sdata = .
 *(.data)
 *(.data*)
 .data.SystemCoreClock
                0x0000000024000000        0x4 Core/Src/system_stm32h7xx.o
                0x0000000024000000                SystemCoreClock
 .data.SystemD2Clock
                0x0000000024000004        0x4 Core/Src/system_stm32h7xx.o
                0x0000000024000004                SystemD2Clock
 .data.uwTickPrio
                0x0000000024000008        0x4 Drivers/STM32H7xx_HAL_Driver/Src/stm32h7xx_hal.o
                0x0000000024000008                uwTickPrio
 .data.uwTickFreq
                0x000000002400000c        0x1 Drivers/STM32H7xx_HAL_Driver/Src/stm32h7xx_hal.o
                0x000000002400000c                uwTickFreq
                0x0000000024000010                . = ALIGN (0x4)
 *fill*         0x000000002400000d        0x3 
                0x0000000024000010                _edata = .

.igot.plt       0x0000000024000010        0x0 load address 0x0000000008001d60
 .igot.plt      0x0000000024000010        0x0 c:/st/stm32cubeide_1.3.0/stm32cubeide/plugins/com.st.stm32cube.ide.mcu.externaltools.gnu-tools-for-stm32.7-2018-q2-update.win32_1.0.0.201904181610/tools/bin/../lib/gcc/arm-none-eabi/7.3.1/thumb/v7e-m/fpv5/hard/crtbegin.o
                0x0000000024000010                . = ALIGN (0x4)

.bss            0x0000000024000010       0x20 load address 0x0000000008001d60
                0x0000000024000010                _sbss = .
                0x0000000024000010                __bss_start__ = _sbss
 *(.bss)
 .bss           0x0000000024000010       0x1c c:/st/stm32cubeide_1.3.0/stm32cubeide/plugins/com.st.stm32cube.ide.mcu.externaltools.gnu-tools-for-stm32.7-2018-q2-update.win32_1.0.0.201904181610/tools/bin/../lib/gcc/arm-none-eabi/7.3.1/thumb/v7e-m/fpv5/hard/crtbegin.o
 *(.bss*)
 *(COMMON)
 COMMON         0x000000002400002c        0x4 Drivers/STM32H7xx_HAL_Driver/Src/stm32h7xx_hal.o
                0x000000002400002c                uwTick
                0x0000000024000030                . = ALIGN (0x4)
                0x0000000024000030                _ebss = .
                0x0000000024000030                __bss_end__ = _ebss

._user_heap_stack
                0x0000000024000030      0x600 load address 0x0000000008001d60
                0x0000000024000030                . = ALIGN (0x8)
                0x0000000024000030                PROVIDE (end = .)
                [!provide]                        PROVIDE (_end = .)
                0x0000000024000230                . = (. + _Min_Heap_Size)
 *fill*         0x0000000024000030      0x200 
                0x0000000024000630                . = (. + _Min_Stack_Size)
 *fill*         0x0000000024000230      0x400 
                0x0000000024000630                . = ALIGN (0x8)

/DISCARD/
 libc.a(*)
 libm.a(*)
 libgcc.a(*)

.ARM.attributes
                0x0000000000000000       0x2e
 *(.ARM.attributes)
 .ARM.attributes
                0x0000000000000000       0x20 c:/st/stm32cubeide_1.3.0/stm32cubeide/plugins/com.st.stm32cube.ide.mcu.externaltools.gnu-tools-for-stm32.7-2018-q2-update.win32_1.0.0.201904181610/tools/bin/../lib/gcc/arm-none-eabi/7.3.1/thumb/v7e-m/fpv5/hard/crti.o
 .ARM.attributes
                0x0000000000000020       0x32 c:/st/stm32cubeide_1.3.0/stm32cubeide/plugins/com.st.stm32cube.ide.mcu.externaltools.gnu-tools-for-stm32.7-2018-q2-update.win32_1.0.0.201904181610/tools/bin/../lib/gcc/arm-none-eabi/7.3.1/thumb/v7e-m/fpv5/hard/crtbegin.o
 .ARM.attributes
                0x0000000000000052       0x37 Core/Src/main.o
 .ARM.attributes
                0x0000000000000089       0x37 Core/Src/stm32h7xx_hal_msp.o
 .ARM.attributes
                0x00000000000000c0       0x37 Core/Src/stm32h7xx_it.o
 .ARM.attributes
                0x00000000000000f7       0x37 Core/Src/system_stm32h7xx.o
 .ARM.attributes
                0x000000000000012e       0x21 Core/Startup/startup_stm32h743vitx.o
 .ARM.attributes
                0x000000000000014f       0x37 Drivers/STM32H7xx_HAL_Driver/Src/stm32h7xx_hal.o
 .ARM.attributes
                0x0000000000000186       0x37 Drivers/STM32H7xx_HAL_Driver/Src/stm32h7xx_hal_cortex.o
 .ARM.attributes
                0x00000000000001bd       0x37 Drivers/STM32H7xx_HAL_Driver/Src/stm32h7xx_hal_gpio.o
 .ARM.attributes
                0x00000000000001f4       0x37 Drivers/STM32H7xx_HAL_Driver/Src/stm32h7xx_hal_pwr_ex.o
 .ARM.attributes
                0x000000000000022b       0x37 Drivers/STM32H7xx_HAL_Driver/Src/stm32h7xx_hal_rcc.o
 .ARM.attributes
                0x0000000000000262       0x37 Drivers/STM32H7xx_HAL_Driver/Src/stm32h7xx_hal_rcc_ex.o
 .ARM.attributes
                0x0000000000000299       0x32 c:/st/stm32cubeide_1.3.0/stm32cubeide/plugins/com.st.stm32cube.ide.mcu.externaltools.gnu-tools-for-stm32.7-2018-q2-update.win32_1.0.0.201904181610/tools/bin/../lib/gcc/arm-none-eabi/7.3.1/../../../../arm-none-eabi/lib/thumb/v7e-m/fpv5/hard\libc_nano.a(lib_a-init.o)
 .ARM.attributes
                0x00000000000002cb       0x32 c:/st/stm32cubeide_1.3.0/stm32cubeide/plugins/com.st.stm32cube.ide.mcu.externaltools.gnu-tools-for-stm32.7-2018-q2-update.win32_1.0.0.201904181610/tools/bin/../lib/gcc/arm-none-eabi/7.3.1/../../../../arm-none-eabi/lib/thumb/v7e-m/fpv5/hard\libc_nano.a(lib_a-memset.o)
 .ARM.attributes
                0x00000000000002fd       0x20 c:/st/stm32cubeide_1.3.0/stm32cubeide/plugins/com.st.stm32cube.ide.mcu.externaltools.gnu-tools-for-stm32.7-2018-q2-update.win32_1.0.0.201904181610/tools/bin/../lib/gcc/arm-none-eabi/7.3.1/thumb/v7e-m/fpv5/hard/crtn.o
OUTPUT(tactGeneratorVIT6.elf elf32-littlearm)

.debug_info     0x0000000000000000     0xdc3c
 .debug_info    0x0000000000000000     0x14fd Core/Src/main.o
 .debug_info    0x00000000000014fd      0xe53 Core/Src/stm32h7xx_hal_msp.o
 .debug_info    0x0000000000002350      0xb36 Core/Src/stm32h7xx_it.o
 .debug_info    0x0000000000002e86     0x1331 Core/Src/system_stm32h7xx.o
 .debug_info    0x00000000000041b7       0x22 Core/Startup/startup_stm32h743vitx.o
 .debug_info    0x00000000000041d9     0x1e00 Drivers/STM32H7xx_HAL_Driver/Src/stm32h7xx_hal.o
 .debug_info    0x0000000000005fd9     0x1a74 Drivers/STM32H7xx_HAL_Driver/Src/stm32h7xx_hal_cortex.o
 .debug_info    0x0000000000007a4d     0x1640 Drivers/STM32H7xx_HAL_Driver/Src/stm32h7xx_hal_gpio.o
 .debug_info    0x000000000000908d     0x1915 Drivers/STM32H7xx_HAL_Driver/Src/stm32h7xx_hal_pwr_ex.o
 .debug_info    0x000000000000a9a2     0x17a1 Drivers/STM32H7xx_HAL_Driver/Src/stm32h7xx_hal_rcc.o
 .debug_info    0x000000000000c143     0x1af9 Drivers/STM32H7xx_HAL_Driver/Src/stm32h7xx_hal_rcc_ex.o

.debug_abbrev   0x0000000000000000     0x1a22
 .debug_abbrev  0x0000000000000000      0x258 Core/Src/main.o
 .debug_abbrev  0x0000000000000258      0x1e5 Core/Src/stm32h7xx_hal_msp.o
 .debug_abbrev  0x000000000000043d      0x1c9 Core/Src/stm32h7xx_it.o
 .debug_abbrev  0x0000000000000606      0x21f Core/Src/system_stm32h7xx.o
 .debug_abbrev  0x0000000000000825       0x12 Core/Startup/startup_stm32h743vitx.o
 .debug_abbrev  0x0000000000000837      0x2d9 Drivers/STM32H7xx_HAL_Driver/Src/stm32h7xx_hal.o
 .debug_abbrev  0x0000000000000b10      0x3b5 Drivers/STM32H7xx_HAL_Driver/Src/stm32h7xx_hal_cortex.o
 .debug_abbrev  0x0000000000000ec5      0x28f Drivers/STM32H7xx_HAL_Driver/Src/stm32h7xx_hal_gpio.o
 .debug_abbrev  0x0000000000001154      0x311 Drivers/STM32H7xx_HAL_Driver/Src/stm32h7xx_hal_pwr_ex.o
 .debug_abbrev  0x0000000000001465      0x2e2 Drivers/STM32H7xx_HAL_Driver/Src/stm32h7xx_hal_rcc.o
 .debug_abbrev  0x0000000000001747      0x2db Drivers/STM32H7xx_HAL_Driver/Src/stm32h7xx_hal_rcc_ex.o

.debug_aranges  0x0000000000000000      0x710
 .debug_aranges
                0x0000000000000000       0x38 Core/Src/main.o
 .debug_aranges
                0x0000000000000038       0x20 Core/Src/stm32h7xx_hal_msp.o
 .debug_aranges
                0x0000000000000058       0x60 Core/Src/stm32h7xx_it.o
 .debug_aranges
                0x00000000000000b8       0x28 Core/Src/system_stm32h7xx.o
 .debug_aranges
                0x00000000000000e0       0x28 Core/Startup/startup_stm32h743vitx.o
 .debug_aranges
                0x0000000000000108      0x1b8 Drivers/STM32H7xx_HAL_Driver/Src/stm32h7xx_hal.o
 .debug_aranges
                0x00000000000002c0      0x120 Drivers/STM32H7xx_HAL_Driver/Src/stm32h7xx_hal_cortex.o
 .debug_aranges
                0x00000000000003e0       0x58 Drivers/STM32H7xx_HAL_Driver/Src/stm32h7xx_hal_gpio.o
 .debug_aranges
                0x0000000000000438      0x158 Drivers/STM32H7xx_HAL_Driver/Src/stm32h7xx_hal_pwr_ex.o
 .debug_aranges
                0x0000000000000590       0x88 Drivers/STM32H7xx_HAL_Driver/Src/stm32h7xx_hal_rcc.o
 .debug_aranges
                0x0000000000000618       0xf8 Drivers/STM32H7xx_HAL_Driver/Src/stm32h7xx_hal_rcc_ex.o

.debug_ranges   0x0000000000000000      0x668
 .debug_ranges  0x0000000000000000       0x28 Core/Src/main.o
 .debug_ranges  0x0000000000000028       0x10 Core/Src/stm32h7xx_hal_msp.o
 .debug_ranges  0x0000000000000038       0x50 Core/Src/stm32h7xx_it.o
 .debug_ranges  0x0000000000000088       0x18 Core/Src/system_stm32h7xx.o
 .debug_ranges  0x00000000000000a0       0x20 Core/Startup/startup_stm32h743vitx.o
 .debug_ranges  0x00000000000000c0      0x1a8 Drivers/STM32H7xx_HAL_Driver/Src/stm32h7xx_hal.o
 .debug_ranges  0x0000000000000268      0x110 Drivers/STM32H7xx_HAL_Driver/Src/stm32h7xx_hal_cortex.o
 .debug_ranges  0x0000000000000378       0x48 Drivers/STM32H7xx_HAL_Driver/Src/stm32h7xx_hal_gpio.o
 .debug_ranges  0x00000000000003c0      0x148 Drivers/STM32H7xx_HAL_Driver/Src/stm32h7xx_hal_pwr_ex.o
 .debug_ranges  0x0000000000000508       0x78 Drivers/STM32H7xx_HAL_Driver/Src/stm32h7xx_hal_rcc.o
 .debug_ranges  0x0000000000000580       0xe8 Drivers/STM32H7xx_HAL_Driver/Src/stm32h7xx_hal_rcc_ex.o

.debug_macro    0x0000000000000000    0x33d2d
 .debug_macro   0x0000000000000000      0x27c Core/Src/main.o
 .debug_macro   0x000000000000027c      0xa66 Core/Src/main.o
 .debug_macro   0x0000000000000ce2      0x20f Core/Src/main.o
 .debug_macro   0x0000000000000ef1       0x2e Core/Src/main.o
 .debug_macro   0x0000000000000f1f       0x3b Core/Src/main.o
 .debug_macro   0x0000000000000f5a       0x22 Core/Src/main.o
 .debug_macro   0x0000000000000f7c       0x8e Core/Src/main.o
 .debug_macro   0x000000000000100a       0x51 Core/Src/main.o
 .debug_macro   0x000000000000105b       0xef Core/Src/main.o
 .debug_macro   0x000000000000114a       0x6a Core/Src/main.o
 .debug_macro   0x00000000000011b4      0x1df Core/Src/main.o
 .debug_macro   0x0000000000001393       0x1c Core/Src/main.o
 .debug_macro   0x00000000000013af       0x22 Core/Src/main.o
 .debug_macro   0x00000000000013d1       0xdf Core/Src/main.o
 .debug_macro   0x00000000000014b0     0x12cd Core/Src/main.o
 .debug_macro   0x000000000000277d      0x11f Core/Src/main.o
 .debug_macro   0x000000000000289c       0x19 Core/Src/main.o
 .debug_macro   0x00000000000028b5    0x25393 Core/Src/main.o
 .debug_macro   0x0000000000027c48       0x43 Core/Src/main.o
 .debug_macro   0x0000000000027c8b     0x3cd3 Core/Src/main.o
 .debug_macro   0x000000000002b95e      0x174 Core/Src/main.o
 .debug_macro   0x000000000002bad2       0x46 Core/Src/main.o
 .debug_macro   0x000000000002bb18       0x17 Core/Src/main.o
 .debug_macro   0x000000000002bb2f       0x3c Core/Src/main.o
 .debug_macro   0x000000000002bb6b       0x34 Core/Src/main.o
 .debug_macro   0x000000000002bb9f       0x52 Core/Src/main.o
 .debug_macro   0x000000000002bbf1       0x1f Core/Src/main.o
 .debug_macro   0x000000000002bc10       0x43 Core/Src/main.o
 .debug_macro   0x000000000002bc53       0x20 Core/Src/main.o
 .debug_macro   0x000000000002bc73      0x1a3 Core/Src/main.o
 .debug_macro   0x000000000002be16      0x32a Core/Src/main.o
 .debug_macro   0x000000000002c140      0x1e1 Core/Src/main.o
 .debug_macro   0x000000000002c321       0x54 Core/Src/main.o
 .debug_macro   0x000000000002c375     0x2382 Core/Src/main.o
 .debug_macro   0x000000000002e6f7      0xfe6 Core/Src/main.o
 .debug_macro   0x000000000002f6dd      0x138 Core/Src/main.o
 .debug_macro   0x000000000002f815      0x117 Core/Src/main.o
 .debug_macro   0x000000000002f92c      0x394 Core/Src/main.o
 .debug_macro   0x000000000002fcc0       0x27 Core/Src/main.o
 .debug_macro   0x000000000002fce7      0x72d Core/Src/main.o
 .debug_macro   0x0000000000030414      0x229 Core/Src/main.o
 .debug_macro   0x000000000003063d       0x66 Core/Src/main.o
 .debug_macro   0x00000000000306a3      0x3ad Core/Src/main.o
 .debug_macro   0x0000000000030a50      0x3e5 Core/Src/main.o
 .debug_macro   0x0000000000030e35      0x275 Core/Src/main.o
 .debug_macro   0x00000000000310aa      0x3cb Core/Src/main.o
 .debug_macro   0x0000000000031475      0x40f Core/Src/main.o
 .debug_macro   0x0000000000031884       0x51 Core/Src/main.o
 .debug_macro   0x00000000000318d5       0x4a Core/Src/main.o
 .debug_macro   0x000000000003191f      0x22c Core/Src/main.o
 .debug_macro   0x0000000000031b4b       0x58 Core/Src/main.o
 .debug_macro   0x0000000000031ba3       0xa5 Core/Src/main.o
 .debug_macro   0x0000000000031c48      0x1c5 Core/Src/main.o
 .debug_macro   0x0000000000031e0d      0x259 Core/Src/main.o
 .debug_macro   0x0000000000032066       0x35 Core/Src/main.o
 .debug_macro   0x000000000003209b      0x58b Core/Src/main.o
 .debug_macro   0x0000000000032626      0x27c Core/Src/stm32h7xx_hal_msp.o
 .debug_macro   0x00000000000328a2      0x286 Core/Src/stm32h7xx_it.o
 .debug_macro   0x0000000000032b28      0x278 Core/Src/system_stm32h7xx.o
 .debug_macro   0x0000000000032da0      0x29c Drivers/STM32H7xx_HAL_Driver/Src/stm32h7xx_hal.o
 .debug_macro   0x000000000003303c      0x272 Drivers/STM32H7xx_HAL_Driver/Src/stm32h7xx_hal_cortex.o
 .debug_macro   0x00000000000332ae      0x2ae Drivers/STM32H7xx_HAL_Driver/Src/stm32h7xx_hal_gpio.o
 .debug_macro   0x000000000003355c      0x2ab Drivers/STM32H7xx_HAL_Driver/Src/stm32h7xx_hal_pwr_ex.o
 .debug_macro   0x0000000000033807      0x296 Drivers/STM32H7xx_HAL_Driver/Src/stm32h7xx_hal_rcc.o
 .debug_macro   0x0000000000033a9d      0x290 Drivers/STM32H7xx_HAL_Driver/Src/stm32h7xx_hal_rcc_ex.o

.debug_line     0x0000000000000000     0x67a5
 .debug_line    0x0000000000000000      0x850 Core/Src/main.o
 .debug_line    0x0000000000000850      0x7e3 Core/Src/stm32h7xx_hal_msp.o
 .debug_line    0x0000000000001033      0x888 Core/Src/stm32h7xx_it.o
 .debug_line    0x00000000000018bb      0x829 Core/Src/system_stm32h7xx.o
 .debug_line    0x00000000000020e4       0x85 Core/Startup/startup_stm32h743vitx.o
 .debug_line    0x0000000000002169      0xbe2 Drivers/STM32H7xx_HAL_Driver/Src/stm32h7xx_hal.o
 .debug_line    0x0000000000002d4b      0xb20 Drivers/STM32H7xx_HAL_Driver/Src/stm32h7xx_hal_cortex.o
 .debug_line    0x000000000000386b      0x9db Drivers/STM32H7xx_HAL_Driver/Src/stm32h7xx_hal_gpio.o
 .debug_line    0x0000000000004246      0xbb8 Drivers/STM32H7xx_HAL_Driver/Src/stm32h7xx_hal_pwr_ex.o
 .debug_line    0x0000000000004dfe      0xb8d Drivers/STM32H7xx_HAL_Driver/Src/stm32h7xx_hal_rcc.o
 .debug_line    0x000000000000598b      0xe1a Drivers/STM32H7xx_HAL_Driver/Src/stm32h7xx_hal_rcc_ex.o

.debug_str      0x0000000000000000   0x14b4e6
 .debug_str     0x0000000000000000   0x14898b Core/Src/main.o
                                     0x148ebe (size before relaxing)
 .debug_str     0x000000000014898b       0x2c Core/Src/stm32h7xx_hal_msp.o
                                     0x148b55 (size before relaxing)
 .debug_str     0x00000000001489b7       0xbd Core/Src/stm32h7xx_it.o
                                     0x1489bc (size before relaxing)
 .debug_str     0x0000000000148a74      0x1fb Core/Src/system_stm32h7xx.o
                                     0x148d23 (size before relaxing)
 .debug_str     0x0000000000148c6f       0x36 Core/Startup/startup_stm32h743vitx.o
                                         0x74 (size before relaxing)
 .debug_str     0x0000000000148ca5      0xf9c Drivers/STM32H7xx_HAL_Driver/Src/stm32h7xx_hal.o
                                     0x149cf1 (size before relaxing)
 .debug_str     0x0000000000149c41      0x3b9 Drivers/STM32H7xx_HAL_Driver/Src/stm32h7xx_hal_cortex.o
                                     0x14977c (size before relaxing)
 .debug_str     0x0000000000149ffa      0x204 Drivers/STM32H7xx_HAL_Driver/Src/stm32h7xx_hal_gpio.o
                                     0x148f14 (size before relaxing)
 .debug_str     0x000000000014a1fe      0x638 Drivers/STM32H7xx_HAL_Driver/Src/stm32h7xx_hal_pwr_ex.o
                                     0x1492c8 (size before relaxing)
 .debug_str     0x000000000014a836      0x38c Drivers/STM32H7xx_HAL_Driver/Src/stm32h7xx_hal_rcc.o
                                     0x1491a3 (size before relaxing)
 .debug_str     0x000000000014abc2      0x924 Drivers/STM32H7xx_HAL_Driver/Src/stm32h7xx_hal_rcc_ex.o
                                     0x149655 (size before relaxing)

.comment        0x0000000000000000       0x7b
 .comment       0x0000000000000000       0x7b Core/Src/main.o
                                         0x7c (size before relaxing)
 .comment       0x000000000000007b       0x7c Core/Src/stm32h7xx_hal_msp.o
 .comment       0x000000000000007b       0x7c Core/Src/stm32h7xx_it.o
 .comment       0x000000000000007b       0x7c Core/Src/system_stm32h7xx.o
 .comment       0x000000000000007b       0x7c Drivers/STM32H7xx_HAL_Driver/Src/stm32h7xx_hal.o
 .comment       0x000000000000007b       0x7c Drivers/STM32H7xx_HAL_Driver/Src/stm32h7xx_hal_cortex.o
 .comment       0x000000000000007b       0x7c Drivers/STM32H7xx_HAL_Driver/Src/stm32h7xx_hal_gpio.o
 .comment       0x000000000000007b       0x7c Drivers/STM32H7xx_HAL_Driver/Src/stm32h7xx_hal_pwr_ex.o
 .comment       0x000000000000007b       0x7c Drivers/STM32H7xx_HAL_Driver/Src/stm32h7xx_hal_rcc.o
 .comment       0x000000000000007b       0x7c Drivers/STM32H7xx_HAL_Driver/Src/stm32h7xx_hal_rcc_ex.o

.debug_frame    0x0000000000000000     0x1b00
 .debug_frame   0x0000000000000000       0x98 Core/Src/main.o
 .debug_frame   0x0000000000000098       0x38 Core/Src/stm32h7xx_hal_msp.o
 .debug_frame   0x00000000000000d0      0x10c Core/Src/stm32h7xx_it.o
 .debug_frame   0x00000000000001dc       0x58 Core/Src/system_stm32h7xx.o
 .debug_frame   0x0000000000000234      0x710 Drivers/STM32H7xx_HAL_Driver/Src/stm32h7xx_hal.o
 .debug_frame   0x0000000000000944      0x4b8 Drivers/STM32H7xx_HAL_Driver/Src/stm32h7xx_hal_cortex.o
 .debug_frame   0x0000000000000dfc      0x14c Drivers/STM32H7xx_HAL_Driver/Src/stm32h7xx_hal_gpio.o
 .debug_frame   0x0000000000000f48      0x580 Drivers/STM32H7xx_HAL_Driver/Src/stm32h7xx_hal_pwr_ex.o
 .debug_frame   0x00000000000014c8      0x1f8 Drivers/STM32H7xx_HAL_Driver/Src/stm32h7xx_hal_rcc.o
 .debug_frame   0x00000000000016c0      0x3f4 Drivers/STM32H7xx_HAL_Driver/Src/stm32h7xx_hal_rcc_ex.o
 .debug_frame   0x0000000000001ab4       0x2c c:/st/stm32cubeide_1.3.0/stm32cubeide/plugins/com.st.stm32cube.ide.mcu.externaltools.gnu-tools-for-stm32.7-2018-q2-update.win32_1.0.0.201904181610/tools/bin/../lib/gcc/arm-none-eabi/7.3.1/../../../../arm-none-eabi/lib/thumb/v7e-m/fpv5/hard\libc_nano.a(lib_a-init.o)
 .debug_frame   0x0000000000001ae0       0x20 c:/st/stm32cubeide_1.3.0/stm32cubeide/plugins/com.st.stm32cube.ide.mcu.externaltools.gnu-tools-for-stm32.7-2018-q2-update.win32_1.0.0.201904181610/tools/bin/../lib/gcc/arm-none-eabi/7.3.1/../../../../arm-none-eabi/lib/thumb/v7e-m/fpv5/hard\libc_nano.a(lib_a-memset.o)
