13:27:00 **** Incremental Build of configuration Debug for project blyadsky_pidorasyshe ****
make -j8 all 
arm-none-eabi-gcc "../Core/Src/main.c" -mcpu=cortex-m3 -std=gnu11 -g3 -DUSE_HAL_DRIVER -DSTM32F103xB -DDEBUG -c -I../USB_DEVICE/Target -I../Drivers/CMSIS/Device/ST/STM32F1xx/Include -I../Drivers/CMSIS/Include -I../Core/Inc -I../Middlewares/ST/STM32_USB_Device_Library/Class/CDC/Inc -I../USB_DEVICE/App -I../Drivers/STM32F1xx_HAL_Driver/Inc/Legacy -I../Drivers/STM32F1xx_HAL_Driver/Inc -I../Middlewares/ST/STM32_USB_Device_Library/Core/Inc -O0 -ffunction-sections -fdata-sections -Wall -fstack-usage -MMD -MP -MF"Core/Src/main.d" -MT"Core/Src/main.o" --specs=nano.specs -mfloat-abi=soft -mthumb -o "Core/Src/main.o"
../Core/Src/main.c: In function 'main':
../Core/Src/main.c:109:4: warning: implicit declaration of function 'CDC_Transmit_FS' [-Wimplicit-function-declaration]
    CDC_Transmit_FS(data, POINT_COUNT * sizeof(uint16_t));
    ^~~~~~~~~~~~~~~
../Core/Src/main.c:100:11: warning: unused variable 'flag' [-Wunused-variable]
   uint8_t flag = 1;
           ^~~~
arm-none-eabi-gcc -o "blyadsky_pidorasyshe.elf" @"objects.list"   -mcpu=cortex-m3 -T"F:\CytomertGetDataSystem\New_4PI_CYTOMETR\STM32CubeIDE\blyadsky_pidorasyshe\STM32F103C8TX_FLASH.ld" --specs=nosys.specs -Wl,-Map="blyadsky_pidorasyshe.map" -Wl,--gc-sections -static --specs=nano.specs -mfloat-abi=soft -mthumb -Wl,--start-group -lc -lm -Wl,--end-group
Finished building target: blyadsky_pidorasyshe.elf
 
arm-none-eabi-objdump -h -S  blyadsky_pidorasyshe.elf  > "blyadsky_pidorasyshe.list"
arm-none-eabi-objcopy  -O binary  blyadsky_pidorasyshe.elf  "blyadsky_pidorasyshe.bin"
arm-none-eabi-size   blyadsky_pidorasyshe.elf 
   text	   data	    bss	    dec	    hex	filename
  21344	    492	   5980	  27816	   6ca8	blyadsky_pidorasyshe.elf
Finished building: default.size.stdout
 
Finished building: blyadsky_pidorasyshe.bin
 
Finished building: blyadsky_pidorasyshe.list
 

13:27:03 Build Finished. 0 errors, 2 warnings. (took 3s.449ms)

