14:07:02 **** Incremental Build of configuration Debug for project triggerFirmware ****
make -j8 all 
arm-none-eabi-gcc "../Core/Src/main.c" -mcpu=cortex-m3 -std=gnu11 -g3 -DUSE_HAL_DRIVER -DSTM32F103xB -DDEBUG -c -I../USB_DEVICE/Target -I../Drivers/CMSIS/Device/ST/STM32F1xx/Include -I../Drivers/CMSIS/Include -I../Core/Inc -I../Middlewares/ST/STM32_USB_Device_Library/Class/CDC/Inc -I../USB_DEVICE/App -I../Drivers/STM32F1xx_HAL_Driver/Inc/Legacy -I../Drivers/STM32F1xx_HAL_Driver/Inc -I../Middlewares/ST/STM32_USB_Device_Library/Core/Inc -O0 -ffunction-sections -fdata-sections -Wall -fstack-usage -MMD -MP -MF"Core/Src/main.d" -MT"Core/Src/main.o" --specs=nano.specs -mfloat-abi=soft -mthumb -o "Core/Src/main.o"
../Core/Src/main.c:73:17: warning: conflicting types for built-in function 'pow' [-Wbuiltin-declaration-mismatch]
 inline uint32_t pow(uint16_t num, uint16_t pow) {
                 ^~~
arm-none-eabi-gcc -o "triggerFirmware.elf" @"objects.list"   -mcpu=cortex-m3 -T"F:\CytomertGetDataSystem\New_4PI_CYTOMETR\STM32CubeIDE\triggerFirmware\STM32F103C8TX_FLASH.ld" --specs=nosys.specs -Wl,-Map="triggerFirmware.map" -Wl,--gc-sections -static --specs=nano.specs -mfloat-abi=soft -mthumb -Wl,--start-group -lc -lm -Wl,--end-group
Finished building target: triggerFirmware.elf
 
arm-none-eabi-objdump -h -S  triggerFirmware.elf  > "triggerFirmware.list"
arm-none-eabi-objcopy  -O binary  triggerFirmware.elf  "triggerFirmware.bin"
arm-none-eabi-size   triggerFirmware.elf 
   text	   data	    bss	    dec	    hex	filename
  22712	    388	   7748	  30848	   7880	triggerFirmware.elf
Finished building: default.size.stdout
 
Finished building: triggerFirmware.bin
 
Finished building: triggerFirmware.list
 
