14:57:32 **** Incremental Build of configuration Debug for project spi_f103c8t6_cmsis ****
make -j8 all 
arm-none-eabi-gcc "../Core/Src/main.c" -mcpu=cortex-m3 -std=gnu11 -g3 -DUSE_HAL_DRIVER -DSTM32F103xB -DDEBUG -c -I../Drivers/CMSIS/Device/ST/STM32F1xx/Include -I../Drivers/CMSIS/Include -I../Core/Inc -I../Drivers/STM32F1xx_HAL_Driver/Inc/Legacy -I../Drivers/STM32F1xx_HAL_Driver/Inc -O0 -ffunction-sections -fdata-sections -Wall -fstack-usage -MMD -MP -MF"Core/Src/main.d" -MT"Core/Src/main.o" --specs=nano.specs -mfloat-abi=soft -mthumb -o "Core/Src/main.o"
../Core/Src/main.c:69:6: warning: return type of 'main' is not 'int' [-Wmain]
 void main()
      ^~~~
arm-none-eabi-gcc -o "spi_f103c8t6_cmsis.elf" @"objects.list"   -mcpu=cortex-m3 -T"F:\CytomertGetDataSystem\New_4PI_CYTOMETR\STM32CubeIDE\spi_f103c8t6_cmsis\STM32F103C8TX_FLASH.ld" --specs=nosys.specs -Wl,-Map="spi_f103c8t6_cmsis.map" -Wl,--gc-sections -static --specs=nano.specs -mfloat-abi=soft -mthumb -Wl,--start-group -lc -lm -Wl,--end-group
Finished building target: spi_f103c8t6_cmsis.elf
 
arm-none-eabi-objdump -h -S  spi_f103c8t6_cmsis.elf  > "spi_f103c8t6_cmsis.list"
arm-none-eabi-objcopy  -O binary  spi_f103c8t6_cmsis.elf  "spi_f103c8t6_cmsis.bin"
arm-none-eabi-size   spi_f103c8t6_cmsis.elf 
   text	   data	    bss	    dec	    hex	filename
    896	     12	   1572	   2480	    9b0	spi_f103c8t6_cmsis.elf
Finished building: default.size.stdout
 
Finished building: spi_f103c8t6_cmsis.list
 
Finished building: spi_f103c8t6_cmsis.bin
 

14:57:33 Build Finished. 0 errors, 1 warnings. (took 1s.19ms)

