13:57:26 **** Incremental Build of configuration Debug for project tactGeneratorCMSIS ****
make -j8 all 
arm-none-eabi-gcc "../Core/Src/main.c" -mcpu=cortex-m3 -std=gnu11 -g3 -DUSE_HAL_DRIVER -DSTM32F103xB -DDEBUG -c -I../Drivers/CMSIS/Device/ST/STM32F1xx/Include -I../Drivers/CMSIS/Include -I../Core/Inc -I../Drivers/STM32F1xx_HAL_Driver/Inc/Legacy -I../Drivers/STM32F1xx_HAL_Driver/Inc -O0 -ffunction-sections -fdata-sections -Wall -fstack-usage -MMD -MP -MF"Core/Src/main.d" -MT"Core/Src/main.o" --specs=nano.specs -mfloat-abi=soft -mthumb -o "Core/Src/main.o"
arm-none-eabi-gcc -o "tactGeneratorCMSIS.elf" @"objects.list"   -mcpu=cortex-m3 -T"F:\CytomertGetDataSystem\STM32CubeIDE\tactGeneratorCMSIS\STM32F103C8TX_FLASH.ld" --specs=nosys.specs -Wl,-Map="tactGeneratorCMSIS.map" -Wl,--gc-sections -static --specs=nano.specs -mfloat-abi=soft -mthumb -Wl,--start-group -lc -lm -Wl,--end-group
Finished building target: tactGeneratorCMSIS.elf
 
arm-none-eabi-objdump -h -S  tactGeneratorCMSIS.elf  > "tactGeneratorCMSIS.list"
arm-none-eabi-objcopy  -O binary  tactGeneratorCMSIS.elf  "tactGeneratorCMSIS.bin"
arm-none-eabi-size   tactGeneratorCMSIS.elf 
   text	   data	    bss	    dec	    hex	filename
   8396	     20	   1684	  10100	   2774	tactGeneratorCMSIS.elf
Finished building: default.size.stdout
 
Finished building: tactGeneratorCMSIS.bin
 
Finished building: tactGeneratorCMSIS.list
 

13:57:28 Build Finished. 0 errors, 0 warnings. (took 1s.938ms)

