11:56:28 **** Incremental Build of configuration Debug for project triggerFirmware ****
make -j8 all 
arm-none-eabi-gcc "../Core/Src/main.c" -mcpu=cortex-m3 -std=gnu11 -g3 -DUSE_HAL_DRIVER -DSTM32F103xB -DDEBUG -c -I../USB_DEVICE/Target -I../Drivers/CMSIS/Device/ST/STM32F1xx/Include -I../Drivers/CMSIS/Include -I../Core/Inc -I../Middlewares/ST/STM32_USB_Device_Library/Class/CDC/Inc -I../USB_DEVICE/App -I../Drivers/STM32F1xx_HAL_Driver/Inc/Legacy -I../Drivers/STM32F1xx_HAL_Driver/Inc -I../Middlewares/ST/STM32_USB_Device_Library/Core/Inc -O0 -ffunction-sections -fdata-sections -Wall -fstack-usage -MMD -MP -MF"Core/Src/main.d" -MT"Core/Src/main.o" --specs=nano.specs -mfloat-abi=soft -mthumb -o "Core/Src/main.o"
../Core/Src/main.c:74:17: warning: conflicting types for built-in function 'pow' [-Wbuiltin-declaration-mismatch]
 inline uint16_t pow(uint16_t num, uint8_t pow) {
                 ^~~
../Core/Src/main.c: In function 'parseInpMessage':
../Core/Src/main.c:89:18: warning: pointer targets in passing argument 1 of 'CDC_Transmit_FS' differ in signedness [-Wpointer-sign]
  CDC_Transmit_FS("\nParser\n", sizeof("\nParser\n") );
                  ^~~~~~~~~~~~
In file included from ../Core/Src/main.c:27:0:
../USB_DEVICE/App/usbd_cdc_if.h:107:9: note: expected 'uint8_t * {aka unsigned char *}' but argument is of type 'char *'
 uint8_t CDC_Transmit_FS(uint8_t* Buf, uint16_t Len);
         ^~~~~~~~~~~~~~~
../Core/Src/main.c: In function 'main':
../Core/Src/main.c:141:12: warning: unused variable 'str' [-Wunused-variable]
    uint8_t str[7] = {' ', 'w', 'h', 'i', 'l', 'e', ' '};
            ^~~
../Core/Src/main.c: In function 'CDC_ReciveCallBack':
../Core/Src/main.c:264:18: warning: pointer targets in passing argument 1 of 'CDC_Transmit_FS' differ in signedness [-Wpointer-sign]
  CDC_Transmit_FS("\nCallBack\n", sizeof("\nCallBack\n"));
                  ^~~~~~~~~~~~~~
In file included from ../Core/Src/main.c:27:0:
../USB_DEVICE/App/usbd_cdc_if.h:107:9: note: expected 'uint8_t * {aka unsigned char *}' but argument is of type 'char *'
 uint8_t CDC_Transmit_FS(uint8_t* Buf, uint16_t Len);
         ^~~~~~~~~~~~~~~
arm-none-eabi-gcc -o "triggerFirmware.elf" @"objects.list"   -mcpu=cortex-m3 -T"F:\CytomertGetDataSystem\New_4PI_CYTOMETR\STM32CubeIDE\triggerFirmware\STM32F103C8TX_FLASH.ld" --specs=nosys.specs -Wl,-Map="triggerFirmware.map" -Wl,--gc-sections -static --specs=nano.specs -mfloat-abi=soft -mthumb -Wl,--start-group -lc -lm -Wl,--end-group
Finished building target: triggerFirmware.elf
 
arm-none-eabi-objdump -h -S  triggerFirmware.elf  > "triggerFirmware.list"
arm-none-eabi-objcopy  -O binary  triggerFirmware.elf  "triggerFirmware.bin"
arm-none-eabi-size   triggerFirmware.elf 
   text	   data	    bss	    dec	    hex	filename
  23116	    388	   7748	  31252	   7a14	triggerFirmware.elf
Finished building: default.size.stdout
 
Finished building: triggerFirmware.bin
Finished building: triggerFirmware.list
 
 

11:56:29 Build Finished. 0 errors, 4 warnings. (took 1s.281ms)

